b_l4s5i_iot01a_bus.c:220:9:BSP_SPI3_Init	16	static
b_l4s5i_iot01a_bus.c:261:9:BSP_SPI3_DeInit	16	static
b_l4s5i_iot01a_bus.c:287:9:BSP_SPI3_Send	24	static
b_l4s5i_iot01a_bus.c:304:10:BSP_SPI3_Recv	24	static
b_l4s5i_iot01a_bus.c:321:9:BSP_SPI3_SendRecv	40	static
b_l4s5i_iot01a_bus.c:339:9:BSP_I2C2_Init	16	static
b_l4s5i_iot01a_bus.c:387:9:BSP_I2C2_DeInit	16	static
b_l4s5i_iot01a_bus.c:415:9:BSP_I2C2_IsReady	24	static
b_l4s5i_iot01a_bus.c:436:9:BSP_I2C2_WriteReg	48	static
b_l4s5i_iot01a_bus.c:462:10:BSP_I2C2_ReadReg	48	static
b_l4s5i_iot01a_bus.c:490:9:BSP_I2C2_WriteReg16	48	static
b_l4s5i_iot01a_bus.c:515:10:BSP_I2C2_ReadReg16	48	static
b_l4s5i_iot01a_bus.c:540:9:BSP_I2C2_Send	32	static
b_l4s5i_iot01a_bus.c:565:9:BSP_I2C2_Recv	32	static
b_l4s5i_iot01a_bus.c:693:9:BSP_GetTick	8	static
b_l4s5i_iot01a_bus.c:699:26:MX_SPI3_Init	24	static
b_l4s5i_iot01a_bus.c:724:13:SPI3_MspInit	48	static
b_l4s5i_iot01a_bus.c:765:13:SPI3_MspDeInit	16	static
b_l4s5i_iot01a_bus.c:791:26:MX_I2C2_Init	24	static
b_l4s5i_iot01a_bus.c:821:13:I2C2_MspInit	48	static
b_l4s5i_iot01a_bus.c:854:13:I2C2_MspDeInit	16	static
