Archive member included to satisfy reference by file (symbol)

../Middlewares/ST/AI/Lib\NetworkRuntime520_CM4_GCC.a(ai_platform_interface.o)
                              X-CUBE-AI/App/network.o (ai_platform_runtime_get_revision)
../Middlewares/ST/AI/Lib\NetworkRuntime520_CM4_GCC.a(core_mem_manager.o)
                              ../Middlewares/ST/AI/Lib\NetworkRuntime520_CM4_GCC.a(ai_platform_interface.o) (core_mem_alloc)
../Middlewares/ST/AI/Lib\NetworkRuntime520_CM4_GCC.a(core_common.o)
                              ../Middlewares/ST/AI/Lib\NetworkRuntime520_CM4_GCC.a(ai_platform_interface.o) (core_init)
../Middlewares/ST/AI/Lib\NetworkRuntime520_CM4_GCC.a(layers_conv2d_generic_float.o)
                              X-CUBE-AI/App/network.o (forward_conv2d_nl_pool)
../Middlewares/ST/AI/Lib\NetworkRuntime520_CM4_GCC.a(layers_nl_generic_float.o)
                              X-CUBE-AI/App/network.o (nl_func_relu_array_f32)
../Middlewares/ST/AI/Lib\NetworkRuntime520_CM4_GCC.a(layers_pool_generic_float.o)
                              X-CUBE-AI/App/network.o (pool_func_mp_array_f32)
../Middlewares/ST/AI/Lib\NetworkRuntime520_CM4_GCC.a(layers.o)
                              ../Middlewares/ST/AI/Lib\NetworkRuntime520_CM4_GCC.a(ai_platform_interface.o) (ai_check_custom_types)
../Middlewares/ST/AI/Lib\NetworkRuntime520_CM4_GCC.a(arm_mat_init_f32.o)
                              ../Middlewares/ST/AI/Lib\NetworkRuntime520_CM4_GCC.a(layers_conv2d_generic_float.o) (arm_mat_init_f32)
../Middlewares/ST/AI/Lib\NetworkRuntime520_CM4_GCC.a(ai_datatypes_format.o)
                              ../Middlewares/ST/AI/Lib\NetworkRuntime520_CM4_GCC.a(ai_platform_interface.o) (ai_array_to_buffer_fmt)
../Middlewares/ST/AI/Lib\NetworkRuntime520_CM4_GCC.a(ai_math_helpers.o)
                              ../Middlewares/ST/AI/Lib\NetworkRuntime520_CM4_GCC.a(layers_nl_generic_float.o) (ai_math_sqrt)
c:/st/stm32cubeide_1.5.0/stm32cubeide/plugins/com.st.stm32cube.ide.mcu.externaltools.gnu-tools-for-stm32.7-2018-q2-update.win32_1.5.0.202011040924/tools/bin/../lib/gcc/arm-none-eabi/7.3.1/../../../../arm-none-eabi/lib/thumb/v7e-m/fpv4-sp/hard\libc_nano.a(lib_a-errno.o)
                              Core/Src/syscalls.o (__errno)
c:/st/stm32cubeide_1.5.0/stm32cubeide/plugins/com.st.stm32cube.ide.mcu.externaltools.gnu-tools-for-stm32.7-2018-q2-update.win32_1.5.0.202011040924/tools/bin/../lib/gcc/arm-none-eabi/7.3.1/../../../../arm-none-eabi/lib/thumb/v7e-m/fpv4-sp/hard\libc_nano.a(lib_a-exit.o)
                              c:/st/stm32cubeide_1.5.0/stm32cubeide/plugins/com.st.stm32cube.ide.mcu.externaltools.gnu-tools-for-stm32.7-2018-q2-update.win32_1.5.0.202011040924/tools/bin/../lib/gcc/arm-none-eabi/7.3.1/../../../../arm-none-eabi/lib/thumb/v7e-m/fpv4-sp/hard/crt0.o (exit)
c:/st/stm32cubeide_1.5.0/stm32cubeide/plugins/com.st.stm32cube.ide.mcu.externaltools.gnu-tools-for-stm32.7-2018-q2-update.win32_1.5.0.202011040924/tools/bin/../lib/gcc/arm-none-eabi/7.3.1/../../../../arm-none-eabi/lib/thumb/v7e-m/fpv4-sp/hard\libc_nano.a(lib_a-impure.o)
                              c:/st/stm32cubeide_1.5.0/stm32cubeide/plugins/com.st.stm32cube.ide.mcu.externaltools.gnu-tools-for-stm32.7-2018-q2-update.win32_1.5.0.202011040924/tools/bin/../lib/gcc/arm-none-eabi/7.3.1/../../../../arm-none-eabi/lib/thumb/v7e-m/fpv4-sp/hard\libc_nano.a(lib_a-exit.o) (_global_impure_ptr)
c:/st/stm32cubeide_1.5.0/stm32cubeide/plugins/com.st.stm32cube.ide.mcu.externaltools.gnu-tools-for-stm32.7-2018-q2-update.win32_1.5.0.202011040924/tools/bin/../lib/gcc/arm-none-eabi/7.3.1/../../../../arm-none-eabi/lib/thumb/v7e-m/fpv4-sp/hard\libc_nano.a(lib_a-init.o)
                              c:/st/stm32cubeide_1.5.0/stm32cubeide/plugins/com.st.stm32cube.ide.mcu.externaltools.gnu-tools-for-stm32.7-2018-q2-update.win32_1.5.0.202011040924/tools/bin/../lib/gcc/arm-none-eabi/7.3.1/../../../../arm-none-eabi/lib/thumb/v7e-m/fpv4-sp/hard/crt0.o (__libc_init_array)
c:/st/stm32cubeide_1.5.0/stm32cubeide/plugins/com.st.stm32cube.ide.mcu.externaltools.gnu-tools-for-stm32.7-2018-q2-update.win32_1.5.0.202011040924/tools/bin/../lib/gcc/arm-none-eabi/7.3.1/../../../../arm-none-eabi/lib/thumb/v7e-m/fpv4-sp/hard\libc_nano.a(lib_a-malloc.o)
                              ../Middlewares/ST/AI/Lib\NetworkRuntime520_CM4_GCC.a(core_mem_manager.o) (malloc)
c:/st/stm32cubeide_1.5.0/stm32cubeide/plugins/com.st.stm32cube.ide.mcu.externaltools.gnu-tools-for-stm32.7-2018-q2-update.win32_1.5.0.202011040924/tools/bin/../lib/gcc/arm-none-eabi/7.3.1/../../../../arm-none-eabi/lib/thumb/v7e-m/fpv4-sp/hard\libc_nano.a(lib_a-memcpy-stub.o)
                              X-CUBE-AI/App/network.o (memcpy)
c:/st/stm32cubeide_1.5.0/stm32cubeide/plugins/com.st.stm32cube.ide.mcu.externaltools.gnu-tools-for-stm32.7-2018-q2-update.win32_1.5.0.202011040924/tools/bin/../lib/gcc/arm-none-eabi/7.3.1/../../../../arm-none-eabi/lib/thumb/v7e-m/fpv4-sp/hard\libc_nano.a(lib_a-memset.o)
[...]
Memory Configuration

Name             Origin             Length             Attributes
RAM              0x0000000020000000 0x0000000000018000 xrw
RAM2             0x0000000010000000 0x0000000000008000 xrw
FLASH            0x0000000008000000 0x0000000000100000 xr
*default*        0x0000000000000000 0xffffffffffffffff

Linker script and memory map

LOAD c:/st/stm32cubeide_1.5.0/stm32cubeide/plugins/com.st.stm32cube.ide.mcu.externaltools.gnu-tools-for-stm32.7-2018-q2-update.win32_1.5.0.202011040924/tools/bin/../lib/gcc/arm-none-eabi/7.3.1/thumb/v7e-m/fpv4-sp/hard/crti.o
LOAD c:/st/stm32cubeide_1.5.0/stm32cubeide/plugins/com.st.stm32cube.ide.mcu.externaltools.gnu-tools-for-stm32.7-2018-q2-update.win32_1.5.0.202011040924/tools/bin/../lib/gcc/arm-none-eabi/7.3.1/thumb/v7e-m/fpv4-sp/hard/crtbegin.o
LOAD c:/st/stm32cubeide_1.5.0/stm32cubeide/plugins/com.st.stm32cube.ide.mcu.externaltools.gnu-tools-for-stm32.7-2018-q2-update.win32_1.5.0.202011040924/tools/bin/../lib/gcc/arm-none-eabi/7.3.1/../../../../arm-none-eabi/lib/thumb/v7e-m/fpv4-sp/hard/crt0.o
LOAD Core/Src/crc.o
LOAD Core/Src/dfsdm.o
LOAD Core/Src/gpio.o
LOAD Core/Src/main.o
LOAD Core/Src/quadspi.o
LOAD Core/Src/spi.o
LOAD Core/Src/stm32l4xx_hal_msp.o
LOAD Core/Src/stm32l4xx_it.o
LOAD Core/Src/syscalls.o
LOAD Core/Src/sysmem.o
LOAD Core/Src/system_stm32l4xx.o
LOAD Core/Src/usart.o
LOAD Core/Src/usb_otg.o
LOAD Core/Startup/startup_stm32l475vgtx.o
LOAD Drivers/BSP/B-L475E-IOT01A1/b_l475e_iot01a1_bus.o
LOAD Drivers/BSP/Components/lsm6dsl/lsm6dsl.o
LOAD Drivers/BSP/Components/lsm6dsl/lsm6dsl_reg.o
LOAD Drivers/STM32L4xx_HAL_Driver/Src/stm32l4xx_hal.o
LOAD Drivers/STM32L4xx_HAL_Driver/Src/stm32l4xx_hal_cortex.o
LOAD Drivers/STM32L4xx_HAL_Driver/Src/stm32l4xx_hal_crc.o
LOAD Drivers/STM32L4xx_HAL_Driver/Src/stm32l4xx_hal_crc_ex.o
LOAD Drivers/STM32L4xx_HAL_Driver/Src/stm32l4xx_hal_dfsdm.o
LOAD Drivers/STM32L4xx_HAL_Driver/Src/stm32l4xx_hal_dma.o
LOAD Drivers/STM32L4xx_HAL_Driver/Src/stm32l4xx_hal_dma_ex.o
LOAD Drivers/STM32L4xx_HAL_Driver/Src/stm32l4xx_hal_exti.o
LOAD Drivers/STM32L4xx_HAL_Driver/Src/stm32l4xx_hal_flash.o
LOAD Drivers/STM32L4xx_HAL_Driver/Src/stm32l4xx_hal_flash_ex.o
LOAD Drivers/STM32L4xx_HAL_Driver/Src/stm32l4xx_hal_flash_ramfunc.o
LOAD Drivers/STM32L4xx_HAL_Driver/Src/stm32l4xx_hal_gpio.o
LOAD Drivers/STM32L4xx_HAL_Driver/Src/stm32l4xx_hal_i2c.o
LOAD Drivers/STM32L4xx_HAL_Driver/Src/stm32l4xx_hal_i2c_ex.o
LOAD Drivers/STM32L4xx_HAL_Driver/Src/stm32l4xx_hal_pcd.o
LOAD Drivers/STM32L4xx_HAL_Driver/Src/stm32l4xx_hal_pcd_ex.o
LOAD Drivers/STM32L4xx_HAL_Driver/Src/stm32l4xx_hal_pwr.o
LOAD Drivers/STM32L4xx_HAL_Driver/Src/stm32l4xx_hal_pwr_ex.o
LOAD Drivers/STM32L4xx_HAL_Driver/Src/stm32l4xx_hal_qspi.o
LOAD Drivers/STM32L4xx_HAL_Driver/Src/stm32l4xx_hal_rcc.o
LOAD Drivers/STM32L4xx_HAL_Driver/Src/stm32l4xx_hal_rcc_ex.o
LOAD Drivers/STM32L4xx_HAL_Driver/Src/stm32l4xx_hal_spi.o
LOAD Drivers/STM32L4xx_HAL_Driver/Src/stm32l4xx_hal_spi_ex.o
LOAD Drivers/STM32L4xx_HAL_Driver/Src/stm32l4xx_hal_tim.o
LOAD Drivers/STM32L4xx_HAL_Driver/Src/stm32l4xx_hal_tim_ex.o
LOAD Drivers/STM32L4xx_HAL_Driver/Src/stm32l4xx_hal_uart.o
LOAD Drivers/STM32L4xx_HAL_Driver/Src/stm32l4xx_hal_uart_ex.o
LOAD Drivers/STM32L4xx_HAL_Driver/Src/stm32l4xx_ll_usb.o
LOAD X-CUBE-AI/App/network.o
LOAD X-CUBE-AI/App/network_data.o
LOAD ../Middlewares/ST/AI/Lib\NetworkRuntime520_CM4_GCC.a
START GROUP
LOAD c:/st/stm32cubeide_1.5.0/stm32cubeide/plugins/com.st.stm32cube.ide.mcu.externaltools.gnu-tools-for-stm32.7-2018-q2-update.win32_1.5.0.202011040924/tools/bin/../lib/gcc/arm-none-eabi/7.3.1/../../../../arm-none-eabi/lib/thumb/v7e-m/fpv4-sp/hard\libc_nano.a
LOAD c:/st/stm32cubeide_1.5.0/stm32cubeide/plugins/com.st.stm32cube.ide.mcu.externaltools.gnu-tools-for-stm32.7-2018-q2-update.win32_1.5.0.202011040924/tools/bin/../lib/gcc/arm-none-eabi/7.3.1/../../../../arm-none-eabi/lib/thumb/v7e-m/fpv4-sp/hard\libm.a
END GROUP
START GROUP
LOAD c:/st/stm32cubeide_1.5.0/stm32cubeide/plugins/com.st.stm32cube.ide.mcu.externaltools.gnu-tools-for-stm32.7-2018-q2-update.win32_1.5.0.202011040924/tools/bin/../lib/gcc/arm-none-eabi/7.3.1/thumb/v7e-m/fpv4-sp/hard\libgcc.a
LOAD c:/st/stm32cubeide_1.5.0/stm32cubeide/plugins/com.st.stm32cube.ide.mcu.externaltools.gnu-tools-for-stm32.7-2018-q2-update.win32_1.5.0.202011040924/tools/bin/../lib/gcc/arm-none-eabi/7.3.1/../../../../arm-none-eabi/lib/thumb/v7e-m/fpv4-sp/hard\libc_nano.a
END GROUP
START GROUP
LOAD c:/st/stm32cubeide_1.5.0/stm32cubeide/plugins/com.st.stm32cube.ide.mcu.externaltools.gnu-tools-for-stm32.7-2018-q2-update.win32_1.5.0.202011040924/tools/bin/../lib/gcc/arm-none-eabi/7.3.1/thumb/v7e-m/fpv4-sp/hard\libgcc.a
LOAD c:/st/stm32cubeide_1.5.0/stm32cubeide/plugins/com.st.stm32cube.ide.mcu.externaltools.gnu-tools-for-stm32.7-2018-q2-update.win32_1.5.0.202011040924/tools/bin/../lib/gcc/arm-none-eabi/7.3.1/../../../../arm-none-eabi/lib/thumb/v7e-m/fpv4-sp/hard\libc_nano.a
LOAD c:/st/stm32cubeide_1.5.0/stm32cubeide/plugins/com.st.stm32cube.ide.mcu.externaltools.gnu-tools-for-stm32.7-2018-q2-update.win32_1.5.0.202011040924/tools/bin/../lib/gcc/arm-none-eabi/7.3.1/../../../../arm-none-eabi/lib/thumb/v7e-m/fpv4-sp/hard\libnosys.a
END GROUP
START GROUP
LOAD c:/st/stm32cubeide_1.5.0/stm32cubeide/plugins/com.st.stm32cube.ide.mcu.externaltools.gnu-tools-for-stm32.7-2018-q2-update.win32_1.5.0.202011040924/tools/bin/../lib/gcc/arm-none-eabi/7.3.1/thumb/v7e-m/fpv4-sp/hard\libgcc.a
LOAD c:/st/stm32cubeide_1.5.0/stm32cubeide/plugins/com.st.stm32cube.ide.mcu.externaltools.gnu-tools-for-stm32.7-2018-q2-update.win32_1.5.0.202011040924/tools/bin/../lib/gcc/arm-none-eabi/7.3.1/../../../../arm-none-eabi/lib/thumb/v7e-m/fpv4-sp/hard\libc_nano.a
LOAD c:/st/stm32cubeide_1.5.0/stm32cubeide/plugins/com.st.stm32cube.ide.mcu.externaltools.gnu-tools-for-stm32.7-2018-q2-update.win32_1.5.0.202011040924/tools/bin/../lib/gcc/arm-none-eabi/7.3.1/../../../../arm-none-eabi/lib/thumb/v7e-m/fpv4-sp/hard\libnosys.a
END GROUP
LOAD c:/st/stm32cubeide_1.5.0/stm32cubeide/plugins/com.st.stm32cube.ide.mcu.externaltools.gnu-tools-for-stm32.7-2018-q2-update.win32_1.5.0.202011040924/tools/bin/../lib/gcc/arm-none-eabi/7.3.1/thumb/v7e-m/fpv4-sp/hard/crtend.o
LOAD c:/st/stm32cubeide_1.5.0/stm32cubeide/plugins/com.st.stm32cube.ide.mcu.externaltools.gnu-tools-for-stm32.7-2018-q2-update.win32_1.5.0.202011040924/tools/bin/../lib/gcc/arm-none-eabi/7.3.1/thumb/v7e-m/fpv4-sp/hard/crtn.o
                0x0000000020018000                _estack = (ORIGIN (RAM) + LENGTH (RAM))
                0x0000000000000200                _Min_Heap_Size = 0x200
                0x0000000000000800                _Min_Stack_Size = 0x800

.isr_vector     0x0000000008000000      0x188
                0x0000000008000000                . = ALIGN (0x4)
 *(.isr_vector)
 .isr_vector    0x0000000008000000      0x188 Core/Startup/startup_stm32l475vgtx.o
                0x0000000008000000                g_pfnVectors
                0x0000000008000188                . = ALIGN (0x4)

.text           0x0000000008000190     0xc82c
                0x0000000008000190                . = ALIGN (0x4)
 *(.text)
 .text          0x0000000008000190       0x40 c:/st/stm32cubeide_1.5.0/stm32cubeide/plugins/com.st.stm32cube.ide.mcu.externaltools.gnu-tools-for-stm32.7-2018-q2-update.win32_1.5.0.202011040924/tools/bin/../lib/gcc/arm-none-eabi/7.3.1/thumb/v7e-m/fpv4-sp/hard/crtbegin.o
 .text          0x00000000080001d0       0x10 c:/st/stm32cubeide_1.5.0/stm32cubeide/plugins/com.st.stm32cube.ide.mcu.externaltools.gnu-tools-for-stm32.7-2018-q2-update.win32_1.5.0.202011040924/tools/bin/../lib/gcc/arm-none-eabi/7.3.1/../../../../arm-none-eabi/lib/thumb/v7e-m/fpv4-sp/hard\libc_nano.a(lib_a-strlen.o)
                0x00000000080001d0                strlen
 .text          0x00000000080001e0       0xa0 c:/st/stm32cubeide_1.5.0/stm32cubeide/plugins/com.st.stm32cube.ide.mcu.externaltools.gnu-tools-for-stm32.7-2018-q2-update.win32_1.5.0.202011040924/tools/bin/../lib/gcc/arm-none-eabi/7.3.1/../../../../arm-none-eabi/lib/thumb/v7e-m/fpv4-sp/hard\libc_nano.a(lib_a-memchr.o)
                0x00000000080001e0                memchr
 .text          0x0000000008000280      0x378 c:/st/stm32cubeide_1.5.0/stm32cubeide/plugins/com.st.stm32cube.ide.mcu.externaltools.gnu-tools-for-stm32.7-2018-q2-update.win32_1.5.0.202011040924/tools/bin/../lib/gcc/arm-none-eabi/7.3.1/thumb/v7e-m/fpv4-sp/hard\libgcc.a(_arm_addsubdf3.o)
                0x0000000008000280                __aeabi_drsub
                0x0000000008000288                __aeabi_dsub
                0x0000000008000288                __subdf3
                0x000000000800028c                __aeabi_dadd
                0x000000000800028c                __adddf3
                0x0000000008000504                __floatunsidf
                0x0000000008000504                __aeabi_ui2d
                0x0000000008000524                __floatsidf
                0x0000000008000524                __aeabi_i2d
                0x0000000008000548                __aeabi_f2d
                0x0000000008000548                __extendsfdf2
                0x000000000800058c                __floatundidf
                0x000000000800058c                __aeabi_ul2d
                0x000000000800059c                __floatdidf
                0x000000000800059c                __aeabi_l2d
 .text          0x00000000080005f8      0x424 c:/st/stm32cubeide_1.5.0/stm32cubeide/plugins/com.st.stm32cube.ide.mcu.externaltools.gnu-tools-for-stm32.7-2018-q2-update.win32_1.5.0.202011040924/tools/bin/../lib/gcc/arm-none-eabi/7.3.1/thumb/v7e-m/fpv4-sp/hard\libgcc.a(_arm_muldivdf3.o)
                0x00000000080005f8                __aeabi_dmul
                0x00000000080005f8                __muldf3
                0x000000000800084c                __divdf3
                0x000000000800084c                __aeabi_ddiv
 .text          0x0000000008000a1c      0x110 c:/st/stm32cubeide_1.5.0/stm32cubeide/plugins/com.st.stm32cube.ide.mcu.externaltools.gnu-tools-for-stm32.7-2018-q2-update.win32_1.5.0.202011040924/tools/bin/../lib/gcc/arm-none-eabi/7.3.1/thumb/v7e-m/fpv4-sp/hard\libgcc.a(_arm_cmpdf2.o)
                0x0000000008000a1c                __gtdf2
                0x0000000008000a1c                __gedf2
                0x0000000008000a24                __ltdf2
                0x0000000008000a24                __ledf2
                0x0000000008000a2c                __nedf2
                0x0000000008000a2c                __eqdf2
                0x0000000008000a2c                __cmpdf2
                0x0000000008000aa8                __aeabi_cdrcmple
                0x0000000008000ab8                __aeabi_cdcmpeq
                0x0000000008000ab8                __aeabi_cdcmple
                0x0000000008000ac8                __aeabi_dcmpeq
                0x0000000008000adc                __aeabi_dcmplt
                0x0000000008000af0                __aeabi_dcmple
                0x0000000008000b04                __aeabi_dcmpge
                0x0000000008000b18                __aeabi_dcmpgt
 .text          0x0000000008000b2c       0x2c c:/st/stm32cubeide_1.5.0/stm32cubeide/plugins/com.st.stm32cube.ide.mcu.externaltools.gnu-tools-for-stm32.7-2018-q2-update.win32_1.5.0.202011040924/tools/bin/../lib/gcc/arm-none-eabi/7.3.1/thumb/v7e-m/fpv4-sp/hard\libgcc.a(_arm_unorddf2.o)
                0x0000000008000b2c                __unorddf2
                0x0000000008000b2c                __aeabi_dcmpun
 .text          0x0000000008000b58       0x50 c:/st/stm32cubeide_1.5.0/stm32cubeide/plugins/com.st.stm32cube.ide.mcu.externaltools.gnu-tools-for-stm32.7-2018-q2-update.win32_1.5.0.202011040924/tools/bin/../lib/gcc/arm-none-eabi/7.3.1/thumb/v7e-m/fpv4-sp/hard\libgcc.a(_arm_fixdfsi.o)
                0x0000000008000b58                __aeabi_d2iz
                0x0000000008000b58                __fixdfsi
 .text          0x0000000008000ba8       0xa0 c:/st/stm32cubeide_1.5.0/stm32cubeide/plugins/com.st.stm32cube.ide.mcu.externaltools.gnu-tools-for-stm32.7-2018-q2-update.win32_1.5.0.202011040924/tools/bin/../lib/gcc/arm-none-eabi/7.3.1/thumb/v7e-m/fpv4-sp/hard\libgcc.a(_arm_truncdfsf2.o)
                0x0000000008000ba8                __truncdfsf2
                0x0000000008000ba8                __aeabi_d2f
 .text          0x0000000008000c48       0x30 c:/st/stm32cubeide_1.5.0/stm32cubeide/plugins/com.st.stm32cube.ide.mcu.externaltools.gnu-tools-for-stm32.7-2018-q2-update.win32_1.5.0.202011040924/tools/bin/../lib/gcc/arm-none-eabi/7.3.1/thumb/v7e-m/fpv4-sp/hard\libgcc.a(_aeabi_uldivmod.o)
                0x0000000008000c48                __aeabi_uldivmod
 .text          0x0000000008000c78      0x2cc c:/st/stm32cubeide_1.5.0/stm32cubeide/plugins/com.st.stm32cube.ide.mcu.externaltools.gnu-tools-for-stm32.7-2018-q2-update.win32_1.5.0.202011040924/tools/bin/../lib/gcc/arm-none-eabi/7.3.1/thumb/v7e-m/fpv4-sp/hard\libgcc.a(_udivmoddi4.o)
                0x0000000008000c78                __udivmoddi4
 .text          0x0000000008000f44        0x4 c:/st/stm32cubeide_1.5.0/stm32cubeide/plugins/com.st.stm32cube.ide.mcu.externaltools.gnu-tools-for-stm32.7-2018-q2-update.win32_1.5.0.202011040924/tools/bin/../lib/gcc/arm-none-eabi/7.3.1/thumb/v7e-m/fpv4-sp/hard\libgcc.a(_dvmd_tls.o)
                0x0000000008000f44                __aeabi_idiv0
                0x0000000008000f44                __aeabi_ldiv0
 *(.text*)
 .text.MX_CRC_Init
                0x0000000008000f48       0x44 Core/Src/crc.o
                0x0000000008000f48                MX_CRC_Init
 .text.HAL_CRC_MspInit
                0x0000000008000f8c       0x40 Core/Src/crc.o
                0x0000000008000f8c                HAL_CRC_MspInit
 .text.MX_DFSDM1_Init
                0x0000000008000fcc       0x70 Core/Src/dfsdm.o
                0x0000000008000fcc                MX_DFSDM1_Init
 .text.HAL_DFSDM_ChannelMspInit
                0x000000000800103c       0x90 Core/Src/dfsdm.o
                0x000000000800103c                HAL_DFSDM_ChannelMspInit
 .text.MX_GPIO_Init
                0x00000000080010cc      0x360 Core/Src/gpio.o
                0x00000000080010cc                MX_GPIO_Init
 .text.__io_putchar
                0x000000000800142c       0x30 Core/Src/main.o
                0x000000000800142c                __io_putchar
 .text.MEMS_Init
                0x000000000800145c       0x94 Core/Src/main.o
 .text.AI_Init  0x00000000080014f0       0xd0 Core/Src/main.o
 .text.AI_Run   0x00000000080015c0       0x9c Core/Src/main.o
 .text.argmax   0x000000000800165c       0x60 Core/Src/main.o
 .text.main     0x00000000080016bc      0x138 Core/Src/main.o
                0x00000000080016bc                main
 .text.SystemClock_Config
                0x00000000080017f4      0x148 Core/Src/main.o
                0x00000000080017f4                SystemClock_Config
 .text.HAL_GPIO_EXTI_Callback
                0x000000000800193c       0x2c Core/Src/main.o
                0x000000000800193c                HAL_GPIO_EXTI_Callback
 .text.Error_Handler
                0x0000000008001968        0x8 Core/Src/main.o
                0x0000000008001968                Error_Handler
 .text.MX_QUADSPI_Init
                0x0000000008001970       0x4c Core/Src/quadspi.o
                0x0000000008001970                MX_QUADSPI_Init
 .text.HAL_QSPI_MspInit
                0x00000000080019bc       0x88 Core/Src/quadspi.o
                0x00000000080019bc                HAL_QSPI_MspInit
 .text.MX_SPI3_Init
                0x0000000008001a44       0x7c Core/Src/spi.o
                0x0000000008001a44                MX_SPI3_Init
 .text.HAL_SPI_MspInit
                0x0000000008001ac0       0x88 Core/Src/spi.o
                0x0000000008001ac0                HAL_SPI_MspInit
 .text.HAL_MspInit
                0x0000000008001b48       0x48 Core/Src/stm32l4xx_hal_msp.o
                0x0000000008001b48                HAL_MspInit
 .text.NMI_Handler
                0x0000000008001b90        0x6 Core/Src/stm32l4xx_it.o
                0x0000000008001b90                NMI_Handler
 .text.HardFault_Handler
                0x0000000008001b96        0x6 Core/Src/stm32l4xx_it.o
                0x0000000008001b96                HardFault_Handler
 .text.MemManage_Handler
                0x0000000008001b9c        0x6 Core/Src/stm32l4xx_it.o
                0x0000000008001b9c                MemManage_Handler
 .text.BusFault_Handler
                0x0000000008001ba2        0x6 Core/Src/stm32l4xx_it.o
                0x0000000008001ba2                BusFault_Handler
 .text.UsageFault_Handler
                0x0000000008001ba8        0x6 Core/Src/stm32l4xx_it.o
                0x0000000008001ba8                UsageFault_Handler
 .text.SVC_Handler
                0x0000000008001bae        0xe Core/Src/stm32l4xx_it.o
                0x0000000008001bae                SVC_Handler
 .text.DebugMon_Handler
                0x0000000008001bbc        0xe Core/Src/stm32l4xx_it.o
                0x0000000008001bbc                DebugMon_Handler
 .text.PendSV_Handler
                0x0000000008001bca        0xe Core/Src/stm32l4xx_it.o
                0x0000000008001bca                PendSV_Handler
 .text.SysTick_Handler
                0x0000000008001bd8        0xc Core/Src/stm32l4xx_it.o
                0x0000000008001bd8                SysTick_Handler
 .text.EXTI9_5_IRQHandler
                0x0000000008001be4       0x22 Core/Src/stm32l4xx_it.o
                0x0000000008001be4                EXTI9_5_IRQHandler
 .text.EXTI15_10_IRQHandler
                0x0000000008001c06       0x30 Core/Src/stm32l4xx_it.o
                0x0000000008001c06                EXTI15_10_IRQHandler
 .text._read    0x0000000008001c36       0x3a Core/Src/syscalls.o
                0x0000000008001c36                _read
 .text._write   0x0000000008001c70       0x38 Core/Src/syscalls.o
                0x0000000008001c70                _write
 .text._close   0x0000000008001ca8       0x18 Core/Src/syscalls.o
                0x0000000008001ca8                _close
 .text._fstat   0x0000000008001cc0       0x20 Core/Src/syscalls.o
                0x0000000008001cc0                _fstat
 .text._isatty  0x0000000008001ce0       0x16 Core/Src/syscalls.o
                0x0000000008001ce0                _isatty
 .text._lseek   0x0000000008001cf6       0x1a Core/Src/syscalls.o
                0x0000000008001cf6                _lseek
 .text._sbrk    0x0000000008001d10       0x6c Core/Src/sysmem.o
                0x0000000008001d10                _sbrk
 .text.SystemInit
                0x0000000008001d7c       0x6c Core/Src/system_stm32l4xx.o
                0x0000000008001d7c                SystemInit
 .text.MX_USART1_UART_Init
                0x0000000008001de8       0x60 Core/Src/usart.o
                0x0000000008001de8                MX_USART1_UART_Init
 .text.MX_USART3_UART_Init
                0x0000000008001e48       0x60 Core/Src/usart.o
                0x0000000008001e48                MX_USART3_UART_Init
 .text.HAL_UART_MspInit
                0x0000000008001ea8       0xec Core/Src/usart.o
                0x0000000008001ea8                HAL_UART_MspInit
 .text.MX_USB_OTG_FS_PCD_Init
                0x0000000008001f94       0x5c Core/Src/usb_otg.o
                0x0000000008001f94                MX_USB_OTG_FS_PCD_Init
 .text.HAL_PCD_MspInit
                0x0000000008001ff0       0xd8 Core/Src/usb_otg.o
                0x0000000008001ff0                HAL_PCD_MspInit
 .text.Reset_Handler
                0x00000000080020c8       0x50 Core/Startup/startup_stm32l475vgtx.o
                0x00000000080020c8                Reset_Handler
 .text.Default_Handler
                0x0000000008002118        0x2 Core/Startup/startup_stm32l475vgtx.o
                0x0000000008002118                RTC_Alarm_IRQHandler
                0x0000000008002118                EXTI2_IRQHandler
                0x0000000008002118                TIM8_TRG_COM_IRQHandler
                0x0000000008002118                TIM8_CC_IRQHandler
                0x0000000008002118                TIM1_CC_IRQHandler
                0x0000000008002118                TSC_IRQHandler
                0x0000000008002118                TAMP_STAMP_IRQHandler
                0x0000000008002118                EXTI3_IRQHandler
                0x0000000008002118                LPTIM2_IRQHandler
                0x0000000008002118                DFSDM1_FLT1_IRQHandler
                0x0000000008002118                I2C3_ER_IRQHandler
                0x0000000008002118                DFSDM1_FLT2_IRQHandler
                0x0000000008002118                EXTI0_IRQHandler
                0x0000000008002118                I2C2_EV_IRQHandler
                0x0000000008002118                CAN1_RX0_IRQHandler
                0x0000000008002118                FPU_IRQHandler
                0x0000000008002118                TIM1_UP_TIM16_IRQHandler
                0x0000000008002118                ADC1_2_IRQHandler
                0x0000000008002118                SPI1_IRQHandler
                0x0000000008002118                TIM6_DAC_IRQHandler
                0x0000000008002118                TIM8_UP_IRQHandler
                0x0000000008002118                DMA2_Channel2_IRQHandler
                0x0000000008002118                DMA1_Channel4_IRQHandler
                0x0000000008002118                SAI2_IRQHandler
                0x0000000008002118                DFSDM1_FLT3_IRQHandler
                0x0000000008002118                USART3_IRQHandler
                0x0000000008002118                DMA1_Channel7_IRQHandler
                0x0000000008002118                CAN1_RX1_IRQHandler
                0x0000000008002118                UART5_IRQHandler
                0x0000000008002118                ADC3_IRQHandler
                0x0000000008002118                TIM4_IRQHandler
                0x0000000008002118                DMA2_Channel1_IRQHandler
                0x0000000008002118                QUADSPI_IRQHandler
                0x0000000008002118                I2C1_EV_IRQHandler
                0x0000000008002118                DMA1_Channel6_IRQHandler
                0x0000000008002118                UART4_IRQHandler
                0x0000000008002118                DMA2_Channel4_IRQHandler
                0x0000000008002118                TIM3_IRQHandler
                0x0000000008002118                RCC_IRQHandler
                0x0000000008002118                DMA1_Channel1_IRQHandler
                0x0000000008002118                Default_Handler
                0x0000000008002118                DMA2_Channel7_IRQHandler
                0x0000000008002118                TIM7_IRQHandler
                0x0000000008002118                SDMMC1_IRQHandler
                0x0000000008002118                TIM5_IRQHandler
                0x0000000008002118                I2C3_EV_IRQHandler
                0x0000000008002118                RTC_WKUP_IRQHandler
                0x0000000008002118                PVD_PVM_IRQHandler
                0x0000000008002118                SPI2_IRQHandler
                0x0000000008002118                CAN1_TX_IRQHandler
                0x0000000008002118                DMA2_Channel5_IRQHandler
                0x0000000008002118                DMA1_Channel5_IRQHandler
                0x0000000008002118                EXTI4_IRQHandler
                0x0000000008002118                RNG_IRQHandler
                0x0000000008002118                TIM1_TRG_COM_TIM17_IRQHandler
                0x0000000008002118                DMA1_Channel3_IRQHandler
                0x0000000008002118                COMP_IRQHandler
                0x0000000008002118                WWDG_IRQHandler
                0x0000000008002118                LPUART1_IRQHandler
                0x0000000008002118                DMA2_Channel6_IRQHandler
                0x0000000008002118                TIM2_IRQHandler
                0x0000000008002118                EXTI1_IRQHandler
                0x0000000008002118                USART2_IRQHandler
                0x0000000008002118                DFSDM1_FLT0_IRQHandler
                0x0000000008002118                I2C2_ER_IRQHandler
                0x0000000008002118                DMA1_Channel2_IRQHandler
                0x0000000008002118                TIM8_BRK_IRQHandler
                0x0000000008002118                CAN1_SCE_IRQHandler
                0x0000000008002118                FLASH_IRQHandler
                0x0000000008002118                USART1_IRQHandler
                0x0000000008002118                OTG_FS_IRQHandler
                0x0000000008002118                SPI3_IRQHandler
                0x0000000008002118                I2C1_ER_IRQHandler
                0x0000000008002118                FMC_IRQHandler
                0x0000000008002118                SWPMI1_IRQHandler
                0x0000000008002118                LPTIM1_IRQHandler
                0x0000000008002118                SAI1_IRQHandler
                0x0000000008002118                DMA2_Channel3_IRQHandler
                0x0000000008002118                TIM1_BRK_TIM15_IRQHandler
 *fill*         0x000000000800211a        0x2 
 .text.BSP_I2C2_Init
                0x000000000800211c       0x7c Drivers/BSP/B-L475E-IOT01A1/b_l475e_iot01a1_bus.o
                0x000000000800211c                BSP_I2C2_Init
 .text.BSP_I2C2_DeInit
                0x0000000008002198       0x50 Drivers/BSP/B-L475E-IOT01A1/b_l475e_iot01a1_bus.o
                0x0000000008002198                BSP_I2C2_DeInit
 .text.BSP_I2C2_WriteReg
                0x00000000080021e8       0x64 Drivers/BSP/B-L475E-IOT01A1/b_l475e_iot01a1_bus.o
                0x00000000080021e8                BSP_I2C2_WriteReg
 .text.BSP_I2C2_ReadReg
                0x000000000800224c       0x64 Drivers/BSP/B-L475E-IOT01A1/b_l475e_iot01a1_bus.o
                0x000000000800224c                BSP_I2C2_ReadReg
 .text.BSP_GetTick
                0x00000000080022b0        0xe Drivers/BSP/B-L475E-IOT01A1/b_l475e_iot01a1_bus.o
                0x00000000080022b0                BSP_GetTick
 *fill*         0x00000000080022be        0x2 
 .text.MX_I2C2_Init
                0x00000000080022c0       0x88 Drivers/BSP/B-L475E-IOT01A1/b_l475e_iot01a1_bus.o
                0x00000000080022c0                MX_I2C2_Init
 .text.I2C2_MspInit
                0x0000000008002348       0x8c Drivers/BSP/B-L475E-IOT01A1/b_l475e_iot01a1_bus.o
 .text.I2C2_MspDeInit
                0x00000000080023d4       0x38 Drivers/BSP/B-L475E-IOT01A1/b_l475e_iot01a1_bus.o
 .text.LSM6DSL_RegisterBusIO
                0x000000000800240c       0xcc Drivers/BSP/Components/lsm6dsl/lsm6dsl.o
                0x000000000800240c                LSM6DSL_RegisterBusIO
 .text.LSM6DSL_Init
                0x00000000080024d8       0xd2 Drivers/BSP/Components/lsm6dsl/lsm6dsl.o
                0x00000000080024d8                LSM6DSL_Init
 .text.LSM6DSL_ReadID
                0x00000000080025aa       0x2c Drivers/BSP/Components/lsm6dsl/lsm6dsl.o
                0x00000000080025aa                LSM6DSL_ReadID
 .text.LSM6DSL_ACC_Enable
                0x00000000080025d6       0x48 Drivers/BSP/Components/lsm6dsl/lsm6dsl.o
                0x00000000080025d6                LSM6DSL_ACC_Enable
 *fill*         0x000000000800261e        0x2 
 .text.LSM6DSL_ACC_GetSensitivity
                0x0000000008002620       0x8c Drivers/BSP/Components/lsm6dsl/lsm6dsl.o
                0x0000000008002620                LSM6DSL_ACC_GetSensitivity
 .text.LSM6DSL_ACC_SetOutputDataRate
                0x00000000080026ac       0x38 Drivers/BSP/Components/lsm6dsl/lsm6dsl.o
                0x00000000080026ac                LSM6DSL_ACC_SetOutputDataRate
 .text.LSM6DSL_ACC_SetFullScale
                0x00000000080026e4       0x50 Drivers/BSP/Components/lsm6dsl/lsm6dsl.o
                0x00000000080026e4                LSM6DSL_ACC_SetFullScale
 .text.LSM6DSL_ACC_GetAxesRaw
                0x0000000008002734       0x48 Drivers/BSP/Components/lsm6dsl/lsm6dsl.o
                0x0000000008002734                LSM6DSL_ACC_GetAxesRaw
 .text.LSM6DSL_ACC_GetAxes
                0x000000000800277c       0xae Drivers/BSP/Components/lsm6dsl/lsm6dsl.o
                0x000000000800277c                LSM6DSL_ACC_GetAxes
 .text.LSM6DSL_Write_Reg
                0x000000000800282a       0x36 Drivers/BSP/Components/lsm6dsl/lsm6dsl.o
                0x000000000800282a                LSM6DSL_Write_Reg
 .text.LSM6DSL_ACC_Set_INT1_DRDY
                0x0000000008002860       0x68 Drivers/BSP/Components/lsm6dsl/lsm6dsl.o
                0x0000000008002860                LSM6DSL_ACC_Set_INT1_DRDY
 .text.LSM6DSL_ACC_SetOutputDataRate_When_Enabled
                0x00000000080028c8      0x118 Drivers/BSP/Components/lsm6dsl/lsm6dsl.o
 .text.LSM6DSL_ACC_SetOutputDataRate_When_Disabled
                0x00000000080029e0      0x104 Drivers/BSP/Components/lsm6dsl/lsm6dsl.o
 .text.ReadRegWrap
                0x0000000008002ae4       0x36 Drivers/BSP/Components/lsm6dsl/lsm6dsl.o
 .text.WriteRegWrap
                0x0000000008002b1a       0x36 Drivers/BSP/Components/lsm6dsl/lsm6dsl.o
 .text.lsm6dsl_read_reg
                0x0000000008002b50       0x30 Drivers/BSP/Components/lsm6dsl/lsm6dsl_reg.o
                0x0000000008002b50                lsm6dsl_read_reg
 .text.lsm6dsl_write_reg
                0x0000000008002b80       0x30 Drivers/BSP/Components/lsm6dsl/lsm6dsl_reg.o
                0x0000000008002b80                lsm6dsl_write_reg
 .text.lsm6dsl_xl_full_scale_set
                0x0000000008002bb0       0x4c Drivers/BSP/Components/lsm6dsl/lsm6dsl_reg.o
                0x0000000008002bb0                lsm6dsl_xl_full_scale_set
 .text.lsm6dsl_xl_full_scale_get
                0x0000000008002bfc       0x70 Drivers/BSP/Components/lsm6dsl/lsm6dsl_reg.o
                0x0000000008002bfc                lsm6dsl_xl_full_scale_get
 .text.lsm6dsl_xl_data_rate_set
                0x0000000008002c6c       0x4c Drivers/BSP/Components/lsm6dsl/lsm6dsl_reg.o
                0x0000000008002c6c                lsm6dsl_xl_data_rate_set
 .text.lsm6dsl_gy_full_scale_set
                0x0000000008002cb8       0x4c Drivers/BSP/Components/lsm6dsl/lsm6dsl_reg.o
                0x0000000008002cb8                lsm6dsl_gy_full_scale_set
 .text.lsm6dsl_gy_data_rate_set
                0x0000000008002d04       0x4c Drivers/BSP/Components/lsm6dsl/lsm6dsl_reg.o
                0x0000000008002d04                lsm6dsl_gy_data_rate_set
 .text.lsm6dsl_block_data_update_set
                0x0000000008002d50       0x4c Drivers/BSP/Components/lsm6dsl/lsm6dsl_reg.o
                0x0000000008002d50                lsm6dsl_block_data_update_set
 .text.lsm6dsl_acceleration_raw_get
                0x0000000008002d9c       0x22 Drivers/BSP/Components/lsm6dsl/lsm6dsl_reg.o
                0x0000000008002d9c                lsm6dsl_acceleration_raw_get
 .text.lsm6dsl_device_id_get
                0x0000000008002dbe       0x22 Drivers/BSP/Components/lsm6dsl/lsm6dsl_reg.o
                0x0000000008002dbe                lsm6dsl_device_id_get
 .text.lsm6dsl_auto_increment_set
                0x0000000008002de0       0x4c Drivers/BSP/Components/lsm6dsl/lsm6dsl_reg.o
                0x0000000008002de0                lsm6dsl_auto_increment_set
 .text.lsm6dsl_pin_int1_route_set
                0x0000000008002e2c      0x2c6 Drivers/BSP/Components/lsm6dsl/lsm6dsl_reg.o
                0x0000000008002e2c                lsm6dsl_pin_int1_route_set
 .text.lsm6dsl_pin_int1_route_get
                0x00000000080030f2      0x1ac Drivers/BSP/Components/lsm6dsl/lsm6dsl_reg.o
                0x00000000080030f2                lsm6dsl_pin_int1_route_get
 .text.lsm6dsl_fifo_mode_set
                0x000000000800329e       0x4c Drivers/BSP/Components/lsm6dsl/lsm6dsl_reg.o
                0x000000000800329e                lsm6dsl_fifo_mode_set
 .text.HAL_Init
                0x00000000080032ea       0x30 Drivers/STM32L4xx_HAL_Driver/Src/stm32l4xx_hal.o
                0x00000000080032ea                HAL_Init
 *fill*         0x000000000800331a        0x2 
 .text.HAL_InitTick
                0x000000000800331c       0x78 Drivers/STM32L4xx_HAL_Driver/Src/stm32l4xx_hal.o
                0x000000000800331c                HAL_InitTick
 .text.HAL_IncTick
                0x0000000008003394       0x28 Drivers/STM32L4xx_HAL_Driver/Src/stm32l4xx_hal.o
                0x0000000008003394                HAL_IncTick
 .text.HAL_GetTick
                0x00000000080033bc       0x18 Drivers/STM32L4xx_HAL_Driver/Src/stm32l4xx_hal.o
                0x00000000080033bc                HAL_GetTick
 .text.HAL_Delay
                0x00000000080033d4       0x44 Drivers/STM32L4xx_HAL_Driver/Src/stm32l4xx_hal.o
                0x00000000080033d4                HAL_Delay
 .text.__NVIC_SetPriorityGrouping
                0x0000000008003418       0x48 Drivers/STM32L4xx_HAL_Driver/Src/stm32l4xx_hal_cortex.o
 .text.__NVIC_GetPriorityGrouping
                0x0000000008003460       0x1c Drivers/STM32L4xx_HAL_Driver/Src/stm32l4xx_hal_cortex.o
 .text.__NVIC_EnableIRQ
                0x000000000800347c       0x3c Drivers/STM32L4xx_HAL_Driver/Src/stm32l4xx_hal_cortex.o
 .text.__NVIC_SetPriority
                0x00000000080034b8       0x54 Drivers/STM32L4xx_HAL_Driver/Src/stm32l4xx_hal_cortex.o
 .text.NVIC_EncodePriority
                0x000000000800350c       0x66 Drivers/STM32L4xx_HAL_Driver/Src/stm32l4xx_hal_cortex.o
 *fill*         0x0000000008003572        0x2 
 .text.SysTick_Config
                0x0000000008003574       0x44 Drivers/STM32L4xx_HAL_Driver/Src/stm32l4xx_hal_cortex.o
 .text.HAL_NVIC_SetPriorityGrouping
                0x00000000080035b8       0x16 Drivers/STM32L4xx_HAL_Driver/Src/stm32l4xx_hal_cortex.o
                0x00000000080035b8                HAL_NVIC_SetPriorityGrouping
 .text.HAL_NVIC_SetPriority
                0x00000000080035ce       0x38 Drivers/STM32L4xx_HAL_Driver/Src/stm32l4xx_hal_cortex.o
                0x00000000080035ce                HAL_NVIC_SetPriority
 .text.HAL_NVIC_EnableIRQ
                0x0000000008003606       0x1c Drivers/STM32L4xx_HAL_Driver/Src/stm32l4xx_hal_cortex.o
                0x0000000008003606                HAL_NVIC_EnableIRQ
 .text.HAL_SYSTICK_Config
                0x0000000008003622       0x18 Drivers/STM32L4xx_HAL_Driver/Src/stm32l4xx_hal_cortex.o
                0x0000000008003622                HAL_SYSTICK_Config
 *fill*         0x000000000800363a        0x2 
 .text.HAL_CRC_Init
                0x000000000800363c       0xc8 Drivers/STM32L4xx_HAL_Driver/Src/stm32l4xx_hal_crc.o
                0x000000000800363c                HAL_CRC_Init
 .text.HAL_CRCEx_Polynomial_Set
                0x0000000008003704      0x10c Drivers/STM32L4xx_HAL_Driver/Src/stm32l4xx_hal_crc_ex.o
                0x0000000008003704                HAL_CRCEx_Polynomial_Set
 .text.HAL_DFSDM_ChannelInit
                0x0000000008003810      0x180 Drivers/STM32L4xx_HAL_Driver/Src/stm32l4xx_hal_dfsdm.o
                0x0000000008003810                HAL_DFSDM_ChannelInit
 .text.DFSDM_GetChannelFromInstance
                0x0000000008003990       0x98 Drivers/STM32L4xx_HAL_Driver/Src/stm32l4xx_hal_dfsdm.o
 .text.HAL_GPIO_Init
                0x0000000008003a28      0x350 Drivers/STM32L4xx_HAL_Driver/Src/stm32l4xx_hal_gpio.o
                0x0000000008003a28                HAL_GPIO_Init
 .text.HAL_GPIO_DeInit
                0x0000000008003d78      0x1e8 Drivers/STM32L4xx_HAL_Driver/Src/stm32l4xx_hal_gpio.o
                0x0000000008003d78                HAL_GPIO_DeInit
 .text.HAL_GPIO_WritePin
                0x0000000008003f60       0x30 Drivers/STM32L4xx_HAL_Driver/Src/stm32l4xx_hal_gpio.o
                0x0000000008003f60                HAL_GPIO_WritePin
 .text.HAL_GPIO_EXTI_IRQHandler
                0x0000000008003f90       0x30 Drivers/STM32L4xx_HAL_Driver/Src/stm32l4xx_hal_gpio.o
                0x0000000008003f90                HAL_GPIO_EXTI_IRQHandler
 .text.HAL_I2C_Init
                0x0000000008003fc0      0x11e Drivers/STM32L4xx_HAL_Driver/Src/stm32l4xx_hal_i2c.o
                0x0000000008003fc0                HAL_I2C_Init
 .text.HAL_I2C_DeInit
                0x00000000080040de       0x5e Drivers/STM32L4xx_HAL_Driver/Src/stm32l4xx_hal_i2c.o
                0x00000000080040de                HAL_I2C_DeInit
 .text.HAL_I2C_MspInit
                0x000000000800413c       0x14 Drivers/STM32L4xx_HAL_Driver/Src/stm32l4xx_hal_i2c.o
                0x000000000800413c                HAL_I2C_MspInit
 .text.HAL_I2C_MspDeInit
                0x0000000008004150       0x14 Drivers/STM32L4xx_HAL_Driver/Src/stm32l4xx_hal_i2c.o
                0x0000000008004150                HAL_I2C_MspDeInit
 .text.HAL_I2C_Mem_Write
                0x0000000008004164      0x228 Drivers/STM32L4xx_HAL_Driver/Src/stm32l4xx_hal_i2c.o
                0x0000000008004164                HAL_I2C_Mem_Write
 .text.HAL_I2C_Mem_Read
                0x000000000800438c      0x234 Drivers/STM32L4xx_HAL_Driver/Src/stm32l4xx_hal_i2c.o
                0x000000000800438c                HAL_I2C_Mem_Read
 .text.HAL_I2C_GetState
                0x00000000080045c0       0x1c Drivers/STM32L4xx_HAL_Driver/Src/stm32l4xx_hal_i2c.o
                0x00000000080045c0                HAL_I2C_GetState
 .text.HAL_I2C_GetError
                0x00000000080045dc       0x18 Drivers/STM32L4xx_HAL_Driver/Src/stm32l4xx_hal_i2c.o
                0x00000000080045dc                HAL_I2C_GetError
 .text.I2C_RequestMemoryWrite
                0x00000000080045f4       0xa8 Drivers/STM32L4xx_HAL_Driver/Src/stm32l4xx_hal_i2c.o
 .text.I2C_RequestMemoryRead
                0x000000000800469c       0xa8 Drivers/STM32L4xx_HAL_Driver/Src/stm32l4xx_hal_i2c.o
 .text.I2C_Flush_TXDR
                0x0000000008004744       0x48 Drivers/STM32L4xx_HAL_Driver/Src/stm32l4xx_hal_i2c.o
 .text.I2C_WaitOnFlagUntilTimeout
                0x000000000800478c       0x80 Drivers/STM32L4xx_HAL_Driver/Src/stm32l4xx_hal_i2c.o
 .text.I2C_WaitOnTXISFlagUntilTimeout
                0x000000000800480c       0x80 Drivers/STM32L4xx_HAL_Driver/Src/stm32l4xx_hal_i2c.o
 .text.I2C_WaitOnSTOPFlagUntilTimeout
                0x000000000800488c       0x78 Drivers/STM32L4xx_HAL_Driver/Src/stm32l4xx_hal_i2c.o
 .text.I2C_IsAcknowledgeFailed
                0x0000000008004904       0xcc Drivers/STM32L4xx_HAL_Driver/Src/stm32l4xx_hal_i2c.o
 .text.I2C_TransferConfig
                0x00000000080049d0       0x5c Drivers/STM32L4xx_HAL_Driver/Src/stm32l4xx_hal_i2c.o
 .text.HAL_I2CEx_ConfigAnalogFilter
                0x0000000008004a2c       0x96 Drivers/STM32L4xx_HAL_Driver/Src/stm32l4xx_hal_i2c_ex.o
                0x0000000008004a2c                HAL_I2CEx_ConfigAnalogFilter
 .text.HAL_I2CEx_ConfigDigitalFilter
                0x0000000008004ac2       0x98 Drivers/STM32L4xx_HAL_Driver/Src/stm32l4xx_hal_i2c_ex.o
                0x0000000008004ac2                HAL_I2CEx_ConfigDigitalFilter
 .text.HAL_PCD_Init
                0x0000000008004b5a      0x248 Drivers/STM32L4xx_HAL_Driver/Src/stm32l4xx_hal_pcd.o
                0x0000000008004b5a                HAL_PCD_Init
 .text.HAL_PCDEx_ActivateLPM
                0x0000000008004da2       0x48 Drivers/STM32L4xx_HAL_Driver/Src/stm32l4xx_hal_pcd_ex.o
                0x0000000008004da2                HAL_PCDEx_ActivateLPM
 *fill*         0x0000000008004dea        0x2 
 .text.HAL_PWR_EnableBkUpAccess
                0x0000000008004dec       0x20 Drivers/STM32L4xx_HAL_Driver/Src/stm32l4xx_hal_pwr.o
                0x0000000008004dec                HAL_PWR_EnableBkUpAccess
 .text.HAL_PWREx_GetVoltageRange
                0x0000000008004e0c       0x1c Drivers/STM32L4xx_HAL_Driver/Src/stm32l4xx_hal_pwr_ex.o
                0x0000000008004e0c                HAL_PWREx_GetVoltageRange
 .text.HAL_PWREx_ControlVoltageScaling
                0x0000000008004e28       0xac Drivers/STM32L4xx_HAL_Driver/Src/stm32l4xx_hal_pwr_ex.o
                0x0000000008004e28                HAL_PWREx_ControlVoltageScaling
 .text.HAL_PWREx_EnableVddUSB
                0x0000000008004ed4       0x20 Drivers/STM32L4xx_HAL_Driver/Src/stm32l4xx_hal_pwr_ex.o
                0x0000000008004ed4                HAL_PWREx_EnableVddUSB
 .text.HAL_QSPI_Init
                0x0000000008004ef4       0xec Drivers/STM32L4xx_HAL_Driver/Src/stm32l4xx_hal_qspi.o
                0x0000000008004ef4                HAL_QSPI_Init
 .text.HAL_QSPI_SetTimeout
                0x0000000008004fe0       0x1c Drivers/STM32L4xx_HAL_Driver/Src/stm32l4xx_hal_qspi.o
                0x0000000008004fe0                HAL_QSPI_SetTimeout
 .text.QSPI_WaitFlagStateUntilTimeout
                0x0000000008004ffc       0x6e Drivers/STM32L4xx_HAL_Driver/Src/stm32l4xx_hal_qspi.o
 *fill*         0x000000000800506a        0x2 
 .text.HAL_RCC_OscConfig
                0x000000000800506c      0x7cc Drivers/STM32L4xx_HAL_Driver/Src/stm32l4xx_hal_rcc.o
                0x000000000800506c                HAL_RCC_OscConfig
 .text.HAL_RCC_ClockConfig
                0x0000000008005838      0x1c4 Drivers/STM32L4xx_HAL_Driver/Src/stm32l4xx_hal_rcc.o
                0x0000000008005838                HAL_RCC_ClockConfig
 .text.HAL_RCC_GetSysClockFreq
                0x00000000080059fc      0x114 Drivers/STM32L4xx_HAL_Driver/Src/stm32l4xx_hal_rcc.o
                0x00000000080059fc                HAL_RCC_GetSysClockFreq
 .text.HAL_RCC_GetHCLKFreq
                0x0000000008005b10       0x18 Drivers/STM32L4xx_HAL_Driver/Src/stm32l4xx_hal_rcc.o
                0x0000000008005b10                HAL_RCC_GetHCLKFreq
 .text.HAL_RCC_GetPCLK1Freq
                0x0000000008005b28       0x2c Drivers/STM32L4xx_HAL_Driver/Src/stm32l4xx_hal_rcc.o
                0x0000000008005b28                HAL_RCC_GetPCLK1Freq
 .text.HAL_RCC_GetPCLK2Freq
                0x0000000008005b54       0x2c Drivers/STM32L4xx_HAL_Driver/Src/stm32l4xx_hal_rcc.o
                0x0000000008005b54                HAL_RCC_GetPCLK2Freq
 .text.RCC_SetFlashLatencyFromMSIRange
                0x0000000008005b80       0xc0 Drivers/STM32L4xx_HAL_Driver/Src/stm32l4xx_hal_rcc.o
 .text.HAL_RCCEx_PeriphCLKConfig
                0x0000000008005c40      0x5cc Drivers/STM32L4xx_HAL_Driver/Src/stm32l4xx_hal_rcc_ex.o
                0x0000000008005c40                HAL_RCCEx_PeriphCLKConfig
 .text.HAL_RCCEx_EnableMSIPLLMode
                0x000000000800620c       0x20 Drivers/STM32L4xx_HAL_Driver/Src/stm32l4xx_hal_rcc_ex.o
                0x000000000800620c                HAL_RCCEx_EnableMSIPLLMode
 .text.RCCEx_PLLSAI1_Config
                0x000000000800622c      0x1e0 Drivers/STM32L4xx_HAL_Driver/Src/stm32l4xx_hal_rcc_ex.o
 .text.RCCEx_PLLSAI2_Config
                0x000000000800640c      0x1b4 Drivers/STM32L4xx_HAL_Driver/Src/stm32l4xx_hal_rcc_ex.o
 .text.HAL_SPI_Init
                0x00000000080065c0      0x146 Drivers/STM32L4xx_HAL_Driver/Src/stm32l4xx_hal_spi.o
                0x00000000080065c0                HAL_SPI_Init
 .text.HAL_UART_Init
                0x0000000008006706       0x9c Drivers/STM32L4xx_HAL_Driver/Src/stm32l4xx_hal_uart.o
                0x0000000008006706                HAL_UART_Init
 .text.HAL_UART_Transmit
                0x00000000080067a2      0x126 Drivers/STM32L4xx_HAL_Driver/Src/stm32l4xx_hal_uart.o
                0x00000000080067a2                HAL_UART_Transmit
 .text.UART_SetConfig
                0x00000000080068c8      0x514 Drivers/STM32L4xx_HAL_Driver/Src/stm32l4xx_hal_uart.o
                0x00000000080068c8                UART_SetConfig
 .text.UART_AdvFeatureConfig
                0x0000000008006ddc      0x144 Drivers/STM32L4xx_HAL_Driver/Src/stm32l4xx_hal_uart.o
                0x0000000008006ddc                UART_AdvFeatureConfig
 .text.UART_CheckIdleState
                0x0000000008006f20       0x8a Drivers/STM32L4xx_HAL_Driver/Src/stm32l4xx_hal_uart.o
                0x0000000008006f20                UART_CheckIdleState
 .text.UART_WaitOnFlagUntilTimeout
                0x0000000008006faa       0xf6 Drivers/STM32L4xx_HAL_Driver/Src/stm32l4xx_hal_uart.o
                0x0000000008006faa                UART_WaitOnFlagUntilTimeout
 .text.USB_CoreInit
                0x00000000080070a0       0xa4 Drivers/STM32L4xx_HAL_Driver/Src/stm32l4xx_ll_usb.o
                0x00000000080070a0                USB_CoreInit
 .text.USB_DisableGlobalInt
                0x0000000008007144       0x22 Drivers/STM32L4xx_HAL_Driver/Src/stm32l4xx_ll_usb.o
                0x0000000008007144                USB_DisableGlobalInt
 .text.USB_SetCurrentMode
                0x0000000008007166       0x54 Drivers/STM32L4xx_HAL_Driver/Src/stm32l4xx_ll_usb.o
                0x0000000008007166                USB_SetCurrentMode
 *fill*         0x00000000080071ba        0x2 
 .text.USB_DevInit
                0x00000000080071bc      0x298 Drivers/STM32L4xx_HAL_Driver/Src/stm32l4xx_ll_usb.o
                0x00000000080071bc                USB_DevInit
 .text.USB_FlushTxFifo
                0x0000000008007454       0x4c Drivers/STM32L4xx_HAL_Driver/Src/stm32l4xx_ll_usb.o
                0x0000000008007454                USB_FlushTxFifo
 .text.USB_FlushRxFifo
                0x00000000080074a0       0x44 Drivers/STM32L4xx_HAL_Driver/Src/stm32l4xx_ll_usb.o
                0x00000000080074a0                USB_FlushRxFifo
 .text.USB_SetDevSpeed
                0x00000000080074e4       0x32 Drivers/STM32L4xx_HAL_Driver/Src/stm32l4xx_ll_usb.o
                0x00000000080074e4                USB_SetDevSpeed
 .text.USB_DevDisconnect
                0x0000000008007516       0x42 Drivers/STM32L4xx_HAL_Driver/Src/stm32l4xx_ll_usb.o
                0x0000000008007516                USB_DevDisconnect
 .text.USB_CoreReset
                0x0000000008007558       0x68 Drivers/STM32L4xx_HAL_Driver/Src/stm32l4xx_ll_usb.o
 .text.network_configure_activations
                0x00000000080075c0       0x90 X-CUBE-AI/App/network.o
 .text.network_configure_weights
                0x0000000008007650       0xf8 X-CUBE-AI/App/network.o
 .text.ai_network_get_error
                0x0000000008007748       0x18 X-CUBE-AI/App/network.o
                0x0000000008007748                ai_network_get_error
 .text.ai_network_create
                0x0000000008007760       0x2c X-CUBE-AI/App/network.o
                0x0000000008007760                ai_network_create
 .text.ai_network_init
                0x000000000800778c       0x7e X-CUBE-AI/App/network.o
                0x000000000800778c                ai_network_init
 .text.ai_network_run
                0x000000000800780a       0x20 X-CUBE-AI/App/network.o
                0x000000000800780a                ai_network_run
 *fill*         0x000000000800782a        0x2 
 .text.ai_network_data_weights_get
                0x000000000800782c       0x14 X-CUBE-AI/App/network_data.o
                0x000000000800782c                ai_network_data_weights_get
 .text.unlikely._platform_network_state_setup.isra.1
                0x0000000008007840       0x3e ../Middlewares/ST/AI/Lib\NetworkRuntime520_CM4_GCC.a(ai_platform_interface.o)
 *fill*         0x000000000800787e        0x2 
 .text.ai_platform_network_get_error
                0x0000000008007880       0x64 ../Middlewares/ST/AI/Lib\NetworkRuntime520_CM4_GCC.a(ai_platform_interface.o)
                0x0000000008007880                ai_platform_network_get_error
 .text.ai_platform_network_create
                0x00000000080078e4       0xb0 ../Middlewares/ST/AI/Lib\NetworkRuntime520_CM4_GCC.a(ai_platform_interface.o)
                0x00000000080078e4                ai_platform_network_create
 .text.ai_platform_network_init
                0x0000000008007994       0xfc ../Middlewares/ST/AI/Lib\NetworkRuntime520_CM4_GCC.a(ai_platform_interface.o)
                0x0000000008007994                ai_platform_network_init
 .text.ai_platform_network_post_init
                0x0000000008007a90       0x90 ../Middlewares/ST/AI/Lib\NetworkRuntime520_CM4_GCC.a(ai_platform_interface.o)
                0x0000000008007a90                ai_platform_network_post_init
 .text.ai_platform_network_process
                0x0000000008007b20      0x414 ../Middlewares/ST/AI/Lib\NetworkRuntime520_CM4_GCC.a(ai_platform_interface.o)
                0x0000000008007b20                ai_platform_network_process
 .text.core_init
                0x0000000008007f34        0x4 ../Middlewares/ST/AI/Lib\NetworkRuntime520_CM4_GCC.a(core_common.o)
                0x0000000008007f34                core_init
 .text.core_get_error
                0x0000000008007f38        0xc ../Middlewares/ST/AI/Lib\NetworkRuntime520_CM4_GCC.a(core_common.o)
                0x0000000008007f38                core_get_error
 .text.core_set_error
                0x0000000008007f44       0x18 ../Middlewares/ST/AI/Lib\NetworkRuntime520_CM4_GCC.a(core_common.o)
                0x0000000008007f44                core_set_error
 .text.func_dummy
                0x0000000008007f5c        0x4 ../Middlewares/ST/AI/Lib\NetworkRuntime520_CM4_GCC.a(layers_conv2d_generic_float.o)
 .text.ai_dict8_dot_array_f32
                0x0000000008007f60      0x19c ../Middlewares/ST/AI/Lib\NetworkRuntime520_CM4_GCC.a(layers_conv2d_generic_float.o)
                0x0000000008007f60                ai_dict8_dot_array_f32
 .text.ai_dict4_dot_array_f32
                0x00000000080080fc      0x17c ../Middlewares/ST/AI/Lib\NetworkRuntime520_CM4_GCC.a(layers_conv2d_generic_float.o)
                0x00000000080080fc                ai_dict4_dot_array_f32
 .text.ai_dict_decompress_f32
                0x0000000008008278       0xa0 ../Middlewares/ST/AI/Lib\NetworkRuntime520_CM4_GCC.a(layers_conv2d_generic_float.o)
                0x0000000008008278                ai_dict_decompress_f32
 .text.forward_conv2d_nl_pool
                0x0000000008008318     0x1234 ../Middlewares/ST/AI/Lib\NetworkRuntime520_CM4_GCC.a(layers_conv2d_generic_float.o)
                0x0000000008008318                forward_conv2d_nl_pool
 .text.forward_dense
                0x000000000800954c      0x450 ../Middlewares/ST/AI/Lib\NetworkRuntime520_CM4_GCC.a(layers_conv2d_generic_float.o)
                0x000000000800954c                forward_dense
 .text.nl_func_relu_array_f32
                0x000000000800999c       0x4c ../Middlewares/ST/AI/Lib\NetworkRuntime520_CM4_GCC.a(layers_nl_generic_float.o)
                0x000000000800999c                nl_func_relu_array_f32
 .text.forward_sm
                0x00000000080099e8      0x12c ../Middlewares/ST/AI/Lib\NetworkRuntime520_CM4_GCC.a(layers_nl_generic_float.o)
                0x00000000080099e8                forward_sm
 .text.pool_func_mp_array_f32
                0x0000000008009b14      0x2b8 ../Middlewares/ST/AI/Lib\NetworkRuntime520_CM4_GCC.a(layers_pool_generic_float.o)
                0x0000000008009b14                pool_func_mp_array_f32
 .text.ai_check_custom_types
                0x0000000008009dcc       0x54 ../Middlewares/ST/AI/Lib\NetworkRuntime520_CM4_GCC.a(layers.o)
                0x0000000008009dcc                ai_check_custom_types
 .text.ai_layers_forward_all
                0x0000000008009e20       0x74 ../Middlewares/ST/AI/Lib\NetworkRuntime520_CM4_GCC.a(layers.o)
                0x0000000008009e20                ai_layers_forward_all
 .text.ai_array_to_buffer_fmt
                0x0000000008009e94       0x98 ../Middlewares/ST/AI/Lib\NetworkRuntime520_CM4_GCC.a(ai_datatypes_format.o)
                0x0000000008009e94                ai_array_to_buffer_fmt
 .text.ai_array_get_byte_size
                0x0000000008009f2c       0x44 ../Middlewares/ST/AI/Lib\NetworkRuntime520_CM4_GCC.a(ai_datatypes_format.o)
                0x0000000008009f2c                ai_array_get_byte_size
 .text.__errno  0x0000000008009f70        0xc c:/st/stm32cubeide_1.5.0/stm32cubeide/plugins/com.st.stm32cube.ide.mcu.externaltools.gnu-tools-for-stm32.7-2018-q2-update.win32_1.5.0.202011040924/tools/bin/../lib/gcc/arm-none-eabi/7.3.1/../../../../arm-none-eabi/lib/thumb/v7e-m/fpv4-sp/hard\libc_nano.a(lib_a-errno.o)
                0x0000000008009f70                __errno
 .text.__libc_init_array
                0x0000000008009f7c       0x48 c:/st/stm32cubeide_1.5.0/stm32cubeide/plugins/com.st.stm32cube.ide.mcu.externaltools.gnu-tools-for-stm32.7-2018-q2-update.win32_1.5.0.202011040924/tools/bin/../lib/gcc/arm-none-eabi/7.3.1/../../../../arm-none-eabi/lib/thumb/v7e-m/fpv4-sp/hard\libc_nano.a(lib_a-init.o)
                0x0000000008009f7c                __libc_init_array
 .text.malloc   0x0000000008009fc4       0x10 c:/st/stm32cubeide_1.5.0/stm32cubeide/plugins/com.st.stm32cube.ide.mcu.externaltools.gnu-tools-for-stm32.7-2018-q2-update.win32_1.5.0.202011040924/tools/bin/../lib/gcc/arm-none-eabi/7.3.1/../../../../arm-none-eabi/lib/thumb/v7e-m/fpv4-sp/hard\libc_nano.a(lib_a-malloc.o)
                0x0000000008009fc4                malloc
 .text.memcpy   0x0000000008009fd4       0x16 c:/st/stm32cubeide_1.5.0/stm32cubeide/plugins/com.st.stm32cube.ide.mcu.externaltools.gnu-tools-for-stm32.7-2018-q2-update.win32_1.5.0.202011040924/tools/bin/../lib/gcc/arm-none-eabi/7.3.1/../../../../arm-none-eabi/lib/thumb/v7e-m/fpv4-sp/hard\libc_nano.a(lib_a-memcpy-stub.o)
                0x0000000008009fd4                memcpy
 .text.memset   0x0000000008009fea       0x10 c:/st/stm32cubeide_1.5.0/stm32cubeide/plugins/com.st.stm32cube.ide.mcu.externaltools.gnu-tools-for-stm32.7-2018-q2-update.win32_1.5.0.202011040924/tools/bin/../lib/gcc/arm-none-eabi/7.3.1/../../../../arm-none-eabi/lib/thumb/v7e-m/fpv4-sp/hard\libc_nano.a(lib_a-memset.o)
                0x0000000008009fea                memset
 *fill*         0x0000000008009ffa        0x2 
 .text._free_r  0x0000000008009ffc       0x9c c:/st/stm32cubeide_1.5.0/stm32cubeide/plugins/com.st.stm32cube.ide.mcu.externaltools.gnu-tools-for-stm32.7-2018-q2-update.win32_1.5.0.202011040924/tools/bin/../lib/gcc/arm-none-eabi/7.3.1/../../../../arm-none-eabi/lib/thumb/v7e-m/fpv4-sp/hard\libc_nano.a(lib_a-nano-freer.o)
                0x0000000008009ffc                _free_r
 .text._malloc_r
                0x000000000800a098       0xb4 c:/st/stm32cubeide_1.5.0/stm32cubeide/plugins/com.st.stm32cube.ide.mcu.externaltools.gnu-tools-for-stm32.7-2018-q2-update.win32_1.5.0.202011040924/tools/bin/../lib/gcc/arm-none-eabi/7.3.1/../../../../arm-none-eabi/lib/thumb/v7e-m/fpv4-sp/hard\libc_nano.a(lib_a-nano-mallocr.o)
                0x000000000800a098                _malloc_r
 .text.__cvt    0x000000000800a14c       0xc2 c:/st/stm32cubeide_1.5.0/stm32cubeide/plugins/com.st.stm32cube.ide.mcu.externaltools.gnu-tools-for-stm32.7-2018-q2-update.win32_1.5.0.202011040924/tools/bin/../lib/gcc/arm-none-eabi/7.3.1/../../../../arm-none-eabi/lib/thumb/v7e-m/fpv4-sp/hard\libc_nano.a(lib_a-nano-vfprintf_float.o)
                0x000000000800a14c                __cvt
 .text.__exponent
                0x000000000800a20e       0x66 c:/st/stm32cubeide_1.5.0/stm32cubeide/plugins/com.st.stm32cube.ide.mcu.externaltools.gnu-tools-for-stm32.7-2018-q2-update.win32_1.5.0.202011040924/tools/bin/../lib/gcc/arm-none-eabi/7.3.1/../../../../arm-none-eabi/lib/thumb/v7e-m/fpv4-sp/hard\libc_nano.a(lib_a-nano-vfprintf_float.o)
                0x000000000800a20e                __exponent
 .text._printf_float
                0x000000000800a274      0x480 c:/st/stm32cubeide_1.5.0/stm32cubeide/plugins/com.st.stm32cube.ide.mcu.externaltools.gnu-tools-for-stm32.7-2018-q2-update.win32_1.5.0.202011040924/tools/bin/../lib/gcc/arm-none-eabi/7.3.1/../../../../arm-none-eabi/lib/thumb/v7e-m/fpv4-sp/hard\libc_nano.a(lib_a-nano-vfprintf_float.o)
                0x000000000800a274                _printf_float
 .text._printf_common
                0x000000000800a6f4       0xea c:/st/stm32cubeide_1.5.0/stm32cubeide/plugins/com.st.stm32cube.ide.mcu.externaltools.gnu-tools-for-stm32.7-2018-q2-update.win32_1.5.0.202011040924/tools/bin/../lib/gcc/arm-none-eabi/7.3.1/../../../../arm-none-eabi/lib/thumb/v7e-m/fpv4-sp/hard\libc_nano.a(lib_a-nano-vfprintf_i.o)
                0x000000000800a6f4                _printf_common
 *fill*         0x000000000800a7de        0x2 
 .text._printf_i
                0x000000000800a7e0      0x224 c:/st/stm32cubeide_1.5.0/stm32cubeide/plugins/com.st.stm32cube.ide.mcu.externaltools.gnu-tools-for-stm32.7-2018-q2-update.win32_1.5.0.202011040924/tools/bin/../lib/gcc/arm-none-eabi/7.3.1/../../../../arm-none-eabi/lib/thumb/v7e-m/fpv4-sp/hard\libc_nano.a(lib_a-nano-vfprintf_i.o)
                0x000000000800a7e0                _printf_i
 .text.printf   0x000000000800aa04       0x30 c:/st/stm32cubeide_1.5.0/stm32cubeide/plugins/com.st.stm32cube.ide.mcu.externaltools.gnu-tools-for-stm32.7-2018-q2-update.win32_1.5.0.202011040924/tools/bin/../lib/gcc/arm-none-eabi/7.3.1/../../../../arm-none-eabi/lib/thumb/v7e-m/fpv4-sp/hard\libc_nano.a(lib_a-printf.o)
                0x000000000800aa04                iprintf
                0x000000000800aa04                printf
 .text._puts_r  0x000000000800aa34       0xb8 c:/st/stm32cubeide_1.5.0/stm32cubeide/plugins/com.st.stm32cube.ide.mcu.externaltools.gnu-tools-for-stm32.7-2018-q2-update.win32_1.5.0.202011040924/tools/bin/../lib/gcc/arm-none-eabi/7.3.1/../../../../arm-none-eabi/lib/thumb/v7e-m/fpv4-sp/hard\libc_nano.a(lib_a-puts.o)
                0x000000000800aa34                _puts_r
 .text.puts     0x000000000800aaec       0x10 c:/st/stm32cubeide_1.5.0/stm32cubeide/plugins/com.st.stm32cube.ide.mcu.externaltools.gnu-tools-for-stm32.7-2018-q2-update.win32_1.5.0.202011040924/tools/bin/../lib/gcc/arm-none-eabi/7.3.1/../../../../arm-none-eabi/lib/thumb/v7e-m/fpv4-sp/hard\libc_nano.a(lib_a-puts.o)
                0x000000000800aaec                puts
 .text._sbrk_r  0x000000000800aafc       0x20 c:/st/stm32cubeide_1.5.0/stm32cubeide/plugins/com.st.stm32cube.ide.mcu.externaltools.gnu-tools-for-stm32.7-2018-q2-update.win32_1.5.0.202011040924/tools/bin/../lib/gcc/arm-none-eabi/7.3.1/../../../../arm-none-eabi/lib/thumb/v7e-m/fpv4-sp/hard\libc_nano.a(lib_a-sbrkr.o)
                0x000000000800aafc                _sbrk_r
 .text.__swbuf_r
                0x000000000800ab1c       0xa4 c:/st/stm32cubeide_1.5.0/stm32cubeide/plugins/com.st.stm32cube.ide.mcu.externaltools.gnu-tools-for-stm32.7-2018-q2-update.win32_1.5.0.202011040924/tools/bin/../lib/gcc/arm-none-eabi/7.3.1/../../../../arm-none-eabi/lib/thumb/v7e-m/fpv4-sp/hard\libc_nano.a(lib_a-wbuf.o)
                0x000000000800ab1c                __swbuf_r
 .text.__swsetup_r
                0x000000000800abc0       0xdc c:/st/stm32cubeide_1.5.0/stm32cubeide/plugins/com.st.stm32cube.ide.mcu.externaltools.gnu-tools-for-stm32.7-2018-q2-update.win32_1.5.0.202011040924/tools/bin/../lib/gcc/arm-none-eabi/7.3.1/../../../../arm-none-eabi/lib/thumb/v7e-m/fpv4-sp/hard\libc_nano.a(lib_a-wsetup.o)
                0x000000000800abc0                __swsetup_r
 .text.quorem   0x000000000800ac9c      0x118 c:/st/stm32cubeide_1.5.0/stm32cubeide/plugins/com.st.stm32cube.ide.mcu.externaltools.gnu-tools-for-stm32.7-2018-q2-update.win32_1.5.0.202011040924/tools/bin/../lib/gcc/arm-none-eabi/7.3.1/../../../../arm-none-eabi/lib/thumb/v7e-m/fpv4-sp/hard\libc_nano.a(lib_a-dtoa.o)
 *fill*         0x000000000800adb4        0x4 
 .text._dtoa_r  0x000000000800adb8      0xb70 c:/st/stm32cubeide_1.5.0/stm32cubeide/plugins/com.st.stm32cube.ide.mcu.externaltools.gnu-tools-for-stm32.7-2018-q2-update.win32_1.5.0.202011040924/tools/bin/../lib/gcc/arm-none-eabi/7.3.1/../../../../arm-none-eabi/lib/thumb/v7e-m/fpv4-sp/hard\libc_nano.a(lib_a-dtoa.o)
                0x000000000800adb8                _dtoa_r
 .text.__sflush_r
                0x000000000800b928      0x10c c:/st/stm32cubeide_1.5.0/stm32cubeide/plugins/com.st.stm32cube.ide.mcu.externaltools.gnu-tools-for-stm32.7-2018-q2-update.win32_1.5.0.202011040924/tools/bin/../lib/gcc/arm-none-eabi/7.3.1/../../../../arm-none-eabi/lib/thumb/v7e-m/fpv4-sp/hard\libc_nano.a(lib_a-fflush.o)
                0x000000000800b928                __sflush_r
 .text._fflush_r
                0x000000000800ba34       0x54 c:/st/stm32cubeide_1.5.0/stm32cubeide/plugins/com.st.stm32cube.ide.mcu.externaltools.gnu-tools-for-stm32.7-2018-q2-update.win32_1.5.0.202011040924/tools/bin/../lib/gcc/arm-none-eabi/7.3.1/../../../../arm-none-eabi/lib/thumb/v7e-m/fpv4-sp/hard\libc_nano.a(lib_a-fflush.o)
                0x000000000800ba34                _fflush_r
 .text.std      0x000000000800ba88       0x48 c:/st/stm32cubeide_1.5.0/stm32cubeide/plugins/com.st.stm32cube.ide.mcu.externaltools.gnu-tools-for-stm32.7-2018-q2-update.win32_1.5.0.202011040924/tools/bin/../lib/gcc/arm-none-eabi/7.3.1/../../../../arm-none-eabi/lib/thumb/v7e-m/fpv4-sp/hard\libc_nano.a(lib_a-findfp.o)
 .text._cleanup_r
                0x000000000800bad0        0xc c:/st/stm32cubeide_1.5.0/stm32cubeide/plugins/com.st.stm32cube.ide.mcu.externaltools.gnu-tools-for-stm32.7-2018-q2-update.win32_1.5.0.202011040924/tools/bin/../lib/gcc/arm-none-eabi/7.3.1/../../../../arm-none-eabi/lib/thumb/v7e-m/fpv4-sp/hard\libc_nano.a(lib_a-findfp.o)
                0x000000000800bad0                _cleanup_r
 .text.__sfmoreglue
                0x000000000800badc       0x2c c:/st/stm32cubeide_1.5.0/stm32cubeide/plugins/com.st.stm32cube.ide.mcu.externaltools.gnu-tools-for-stm32.7-2018-q2-update.win32_1.5.0.202011040924/tools/bin/../lib/gcc/arm-none-eabi/7.3.1/../../../../arm-none-eabi/lib/thumb/v7e-m/fpv4-sp/hard\libc_nano.a(lib_a-findfp.o)
                0x000000000800badc                __sfmoreglue
 .text.__sinit  0x000000000800bb08       0x60 c:/st/stm32cubeide_1.5.0/stm32cubeide/plugins/com.st.stm32cube.ide.mcu.externaltools.gnu-tools-for-stm32.7-2018-q2-update.win32_1.5.0.202011040924/tools/bin/../lib/gcc/arm-none-eabi/7.3.1/../../../../arm-none-eabi/lib/thumb/v7e-m/fpv4-sp/hard\libc_nano.a(lib_a-findfp.o)
                0x000000000800bb08                __sinit
 .text.__sfp    0x000000000800bb68       0x78 c:/st/stm32cubeide_1.5.0/stm32cubeide/plugins/com.st.stm32cube.ide.mcu.externaltools.gnu-tools-for-stm32.7-2018-q2-update.win32_1.5.0.202011040924/tools/bin/../lib/gcc/arm-none-eabi/7.3.1/../../../../arm-none-eabi/lib/thumb/v7e-m/fpv4-sp/hard\libc_nano.a(lib_a-findfp.o)
                0x000000000800bb68                __sfp
 .text._fwalk_reent
                0x000000000800bbe0       0x3c c:/st/stm32cubeide_1.5.0/stm32cubeide/plugins/com.st.stm32cube.ide.mcu.externaltools.gnu-tools-for-stm32.7-2018-q2-update.win32_1.5.0.202011040924/tools/bin/../lib/gcc/arm-none-eabi/7.3.1/../../../../arm-none-eabi/lib/thumb/v7e-m/fpv4-sp/hard\libc_nano.a(lib_a-fwalk.o)
                0x000000000800bbe0                _fwalk_reent
 .text._localeconv_r
                0x000000000800bc1c       0x1c c:/st/stm32cubeide_1.5.0/stm32cubeide/plugins/com.st.stm32cube.ide.mcu.externaltools.gnu-tools-for-stm32.7-2018-q2-update.win32_1.5.0.202011040924/tools/bin/../lib/gcc/arm-none-eabi/7.3.1/../../../../arm-none-eabi/lib/thumb/v7e-m/fpv4-sp/hard\libc_nano.a(lib_a-localeconv.o)
                0x000000000800bc1c                _localeconv_r
 .text.__swhatbuf_r
                0x000000000800bc38       0x48 c:/st/stm32cubeide_1.5.0/stm32cubeide/plugins/com.st.stm32cube.ide.mcu.externaltools.gnu-tools-for-stm32.7-2018-q2-update.win32_1.5.0.202011040924/tools/bin/../lib/gcc/arm-none-eabi/7.3.1/../../../../arm-none-eabi/lib/thumb/v7e-m/fpv4-sp/hard\libc_nano.a(lib_a-makebuf.o)
                0x000000000800bc38                __swhatbuf_r
 .text.__smakebuf_r
                0x000000000800bc80       0x80 c:/st/stm32cubeide_1.5.0/stm32cubeide/plugins/com.st.stm32cube.ide.mcu.externaltools.gnu-tools-for-stm32.7-2018-q2-update.win32_1.5.0.202011040924/tools/bin/../lib/gcc/arm-none-eabi/7.3.1/../../../../arm-none-eabi/lib/thumb/v7e-m/fpv4-sp/hard\libc_nano.a(lib_a-makebuf.o)
                0x000000000800bc80                __smakebuf_r
 .text.__malloc_lock
                0x000000000800bd00        0x2 c:/st/stm32cubeide_1.5.0/stm32cubeide/plugins/com.st.stm32cube.ide.mcu.externaltools.gnu-tools-for-stm32.7-2018-q2-update.win32_1.5.0.202011040924/tools/bin/../lib/gcc/arm-none-eabi/7.3.1/../../../../arm-none-eabi/lib/thumb/v7e-m/fpv4-sp/hard\libc_nano.a(lib_a-mlock.o)
                0x000000000800bd00                __malloc_lock
 .text.__malloc_unlock
                0x000000000800bd02        0x2 c:/st/stm32cubeide_1.5.0/stm32cubeide/plugins/com.st.stm32cube.ide.mcu.externaltools.gnu-tools-for-stm32.7-2018-q2-update.win32_1.5.0.202011040924/tools/bin/../lib/gcc/arm-none-eabi/7.3.1/../../../../arm-none-eabi/lib/thumb/v7e-m/fpv4-sp/hard\libc_nano.a(lib_a-mlock.o)
                0x000000000800bd02                __malloc_unlock
 .text._Balloc  0x000000000800bd04       0x68 c:/st/stm32cubeide_1.5.0/stm32cubeide/plugins/com.st.stm32cube.ide.mcu.externaltools.gnu-tools-for-stm32.7-2018-q2-update.win32_1.5.0.202011040924/tools/bin/../lib/gcc/arm-none-eabi/7.3.1/../../../../arm-none-eabi/lib/thumb/v7e-m/fpv4-sp/hard\libc_nano.a(lib_a-mprec.o)
                0x000000000800bd04                _Balloc
 .text._Bfree   0x000000000800bd6c       0x2e c:/st/stm32cubeide_1.5.0/stm32cubeide/plugins/com.st.stm32cube.ide.mcu.externaltools.gnu-tools-for-stm32.7-2018-q2-update.win32_1.5.0.202011040924/tools/bin/../lib/gcc/arm-none-eabi/7.3.1/../../../../arm-none-eabi/lib/thumb/v7e-m/fpv4-sp/hard\libc_nano.a(lib_a-mprec.o)
                0x000000000800bd6c                _Bfree
 .text.__multadd
                0x000000000800bd9a       0x76 c:/st/stm32cubeide_1.5.0/stm32cubeide/plugins/com.st.stm32cube.ide.mcu.externaltools.gnu-tools-for-stm32.7-2018-q2-update.win32_1.5.0.202011040924/tools/bin/../lib/gcc/arm-none-eabi/7.3.1/../../../../arm-none-eabi/lib/thumb/v7e-m/fpv4-sp/hard\libc_nano.a(lib_a-mprec.o)
                0x000000000800bd9a                __multadd
 .text.__hi0bits
                0x000000000800be10       0x3e c:/st/stm32cubeide_1.5.0/stm32cubeide/plugins/com.st.stm32cube.ide.mcu.externaltools.gnu-tools-for-stm32.7-2018-q2-update.win32_1.5.0.202011040924/tools/bin/../lib/gcc/arm-none-eabi/7.3.1/../../../../arm-none-eabi/lib/thumb/v7e-m/fpv4-sp/hard\libc_nano.a(lib_a-mprec.o)
                0x000000000800be10                __hi0bits
 .text.__lo0bits
                0x000000000800be4e       0x5e c:/st/stm32cubeide_1.5.0/stm32cubeide/plugins/com.st.stm32cube.ide.mcu.externaltools.gnu-tools-for-stm32.7-2018-q2-update.win32_1.5.0.202011040924/tools/bin/../lib/gcc/arm-none-eabi/7.3.1/../../../../arm-none-eabi/lib/thumb/v7e-m/fpv4-sp/hard\libc_nano.a(lib_a-mprec.o)
                0x000000000800be4e                __lo0bits
 .text.__i2b    0x000000000800beac       0x12 c:/st/stm32cubeide_1.5.0/stm32cubeide/plugins/com.st.stm32cube.ide.mcu.externaltools.gnu-tools-for-stm32.7-2018-q2-update.win32_1.5.0.202011040924/tools/bin/../lib/gcc/arm-none-eabi/7.3.1/../../../../arm-none-eabi/lib/thumb/v7e-m/fpv4-sp/hard\libc_nano.a(lib_a-mprec.o)
                0x000000000800beac                __i2b
 .text.__multiply
                0x000000000800bebe      0x12c c:/st/stm32cubeide_1.5.0/stm32cubeide/plugins/com.st.stm32cube.ide.mcu.externaltools.gnu-tools-for-stm32.7-2018-q2-update.win32_1.5.0.202011040924/tools/bin/../lib/gcc/arm-none-eabi/7.3.1/../../../../arm-none-eabi/lib/thumb/v7e-m/fpv4-sp/hard\libc_nano.a(lib_a-mprec.o)
                0x000000000800bebe                __multiply
 *fill*         0x000000000800bfea        0x2 
 .text.__pow5mult
                0x000000000800bfec       0x9c c:/st/stm32cubeide_1.5.0/stm32cubeide/plugins/com.st.stm32cube.ide.mcu.externaltools.gnu-tools-for-stm32.7-2018-q2-update.win32_1.5.0.202011040924/tools/bin/../lib/gcc/arm-none-eabi/7.3.1/../../../../arm-none-eabi/lib/thumb/v7e-m/fpv4-sp/hard\libc_nano.a(lib_a-mprec.o)
                0x000000000800bfec                __pow5mult
 .text.__lshift
                0x000000000800c088       0xa8 c:/st/stm32cubeide_1.5.0/stm32cubeide/plugins/com.st.stm32cube.ide.mcu.externaltools.gnu-tools-for-stm32.7-2018-q2-update.win32_1.5.0.202011040924/tools/bin/../lib/gcc/arm-none-eabi/7.3.1/../../../../arm-none-eabi/lib/thumb/v7e-m/fpv4-sp/hard\libc_nano.a(lib_a-mprec.o)
                0x000000000800c088                __lshift
 .text.__mcmp   0x000000000800c130       0x34 c:/st/stm32cubeide_1.5.0/stm32cubeide/plugins/com.st.stm32cube.ide.mcu.externaltools.gnu-tools-for-stm32.7-2018-q2-update.win32_1.5.0.202011040924/tools/bin/../lib/gcc/arm-none-eabi/7.3.1/../../../../arm-none-eabi/lib/thumb/v7e-m/fpv4-sp/hard\libc_nano.a(lib_a-mprec.o)
                0x000000000800c130                __mcmp
 .text.__mdiff  0x000000000800c164       0xba c:/st/stm32cubeide_1.5.0/stm32cubeide/plugins/com.st.stm32cube.ide.mcu.externaltools.gnu-tools-for-stm32.7-2018-q2-update.win32_1.5.0.202011040924/tools/bin/../lib/gcc/arm-none-eabi/7.3.1/../../../../arm-none-eabi/lib/thumb/v7e-m/fpv4-sp/hard\libc_nano.a(lib_a-mprec.o)
                0x000000000800c164                __mdiff
 .text.__d2b    0x000000000800c21e       0x9e c:/st/stm32cubeide_1.5.0/stm32cubeide/plugins/com.st.stm32cube.ide.mcu.externaltools.gnu-tools-for-stm32.7-2018-q2-update.win32_1.5.0.202011040924/tools/bin/../lib/gcc/arm-none-eabi/7.3.1/../../../../arm-none-eabi/lib/thumb/v7e-m/fpv4-sp/hard\libc_nano.a(lib_a-mprec.o)
                0x000000000800c21e                __d2b
 .text._calloc_r
                0x000000000800c2bc       0x1c c:/st/stm32cubeide_1.5.0/stm32cubeide/plugins/com.st.stm32cube.ide.mcu.externaltools.gnu-tools-for-stm32.7-2018-q2-update.win32_1.5.0.202011040924/tools/bin/../lib/gcc/arm-none-eabi/7.3.1/../../../../arm-none-eabi/lib/thumb/v7e-m/fpv4-sp/hard\libc_nano.a(lib_a-nano-callocr.o)
                0x000000000800c2bc                _calloc_r
 .text.__sfputc_r
                0x000000000800c2d8       0x2e c:/st/stm32cubeide_1.5.0/stm32cubeide/plugins/com.st.stm32cube.ide.mcu.externaltools.gnu-tools-for-stm32.7-2018-q2-update.win32_1.5.0.202011040924/tools/bin/../lib/gcc/arm-none-eabi/7.3.1/../../../../arm-none-eabi/lib/thumb/v7e-m/fpv4-sp/hard\libc_nano.a(lib_a-nano-vfprintf.o)
 .text.__sfputs_r
                0x000000000800c306       0x24 c:/st/stm32cubeide_1.5.0/stm32cubeide/plugins/com.st.stm32cube.ide.mcu.externaltools.gnu-tools-for-stm32.7-2018-q2-update.win32_1.5.0.202011040924/tools/bin/../lib/gcc/arm-none-eabi/7.3.1/../../../../arm-none-eabi/lib/thumb/v7e-m/fpv4-sp/hard\libc_nano.a(lib_a-nano-vfprintf.o)
                0x000000000800c306                __sfputs_r
 *fill*         0x000000000800c32a        0x2 
 .text._vfprintf_r
                0x000000000800c32c      0x22c c:/st/stm32cubeide_1.5.0/stm32cubeide/plugins/com.st.stm32cube.ide.mcu.externaltools.gnu-tools-for-stm32.7-2018-q2-update.win32_1.5.0.202011040924/tools/bin/../lib/gcc/arm-none-eabi/7.3.1/../../../../arm-none-eabi/lib/thumb/v7e-m/fpv4-sp/hard\libc_nano.a(lib_a-nano-vfprintf.o)
                0x000000000800c32c                _vfprintf_r
                0x000000000800c32c                _vfiprintf_r
 .text.__sread  0x000000000800c558       0x22 c:/st/stm32cubeide_1.5.0/stm32cubeide/plugins/com.st.stm32cube.ide.mcu.externaltools.gnu-tools-for-stm32.7-2018-q2-update.win32_1.5.0.202011040924/tools/bin/../lib/gcc/arm-none-eabi/7.3.1/../../../../arm-none-eabi/lib/thumb/v7e-m/fpv4-sp/hard\libc_nano.a(lib_a-stdio.o)
                0x000000000800c558                __sread
 .text.__swrite
                0x000000000800c57a       0x38 c:/st/stm32cubeide_1.5.0/stm32cubeide/plugins/com.st.stm32cube.ide.mcu.externaltools.gnu-tools-for-stm32.7-2018-q2-update.win32_1.5.0.202011040924/tools/bin/../lib/gcc/arm-none-eabi/7.3.1/../../../../arm-none-eabi/lib/thumb/v7e-m/fpv4-sp/hard\libc_nano.a(lib_a-stdio.o)
                0x000000000800c57a                __swrite
 .text.__sseek  0x000000000800c5b2       0x24 c:/st/stm32cubeide_1.5.0/stm32cubeide/plugins/com.st.stm32cube.ide.mcu.externaltools.gnu-tools-for-stm32.7-2018-q2-update.win32_1.5.0.202011040924/tools/bin/../lib/gcc/arm-none-eabi/7.3.1/../../../../arm-none-eabi/lib/thumb/v7e-m/fpv4-sp/hard\libc_nano.a(lib_a-stdio.o)
                0x000000000800c5b2                __sseek
 .text.__sclose
                0x000000000800c5d6        0x8 c:/st/stm32cubeide_1.5.0/stm32cubeide/plugins/com.st.stm32cube.ide.mcu.externaltools.gnu-tools-for-stm32.7-2018-q2-update.win32_1.5.0.202011040924/tools/bin/../lib/gcc/arm-none-eabi/7.3.1/../../../../arm-none-eabi/lib/thumb/v7e-m/fpv4-sp/hard\libc_nano.a(lib_a-stdio.o)
                0x000000000800c5d6                __sclose
 *fill*         0x000000000800c5de        0x2 
 .text._write_r
                0x000000000800c5e0       0x24 c:/st/stm32cubeide_1.5.0/stm32cubeide/plugins/com.st.stm32cube.ide.mcu.externaltools.gnu-tools-for-stm32.7-2018-q2-update.win32_1.5.0.202011040924/tools/bin/../lib/gcc/arm-none-eabi/7.3.1/../../../../arm-none-eabi/lib/thumb/v7e-m/fpv4-sp/hard\libc_nano.a(lib_a-writer.o)
                0x000000000800c5e0                _write_r
 .text._close_r
                0x000000000800c604       0x20 c:/st/stm32cubeide_1.5.0/stm32cubeide/plugins/com.st.stm32cube.ide.mcu.externaltools.gnu-tools-for-stm32.7-2018-q2-update.win32_1.5.0.202011040924/tools/bin/../lib/gcc/arm-none-eabi/7.3.1/../../../../arm-none-eabi/lib/thumb/v7e-m/fpv4-sp/hard\libc_nano.a(lib_a-closer.o)
                0x000000000800c604                _close_r
 .text._fstat_r
                0x000000000800c624       0x24 c:/st/stm32cubeide_1.5.0/stm32cubeide/plugins/com.st.stm32cube.ide.mcu.externaltools.gnu-tools-for-stm32.7-2018-q2-update.win32_1.5.0.202011040924/tools/bin/../lib/gcc/arm-none-eabi/7.3.1/../../../../arm-none-eabi/lib/thumb/v7e-m/fpv4-sp/hard\libc_nano.a(lib_a-fstatr.o)
                0x000000000800c624                _fstat_r
 .text._isatty_r
                0x000000000800c648       0x20 c:/st/stm32cubeide_1.5.0/stm32cubeide/plugins/com.st.stm32cube.ide.mcu.externaltools.gnu-tools-for-stm32.7-2018-q2-update.win32_1.5.0.202011040924/tools/bin/../lib/gcc/arm-none-eabi/7.3.1/../../../../arm-none-eabi/lib/thumb/v7e-m/fpv4-sp/hard\libc_nano.a(lib_a-isattyr.o)
                0x000000000800c648                _isatty_r
 .text._lseek_r
                0x000000000800c668       0x24 c:/st/stm32cubeide_1.5.0/stm32cubeide/plugins/com.st.stm32cube.ide.mcu.externaltools.gnu-tools-for-stm32.7-2018-q2-update.win32_1.5.0.202011040924/tools/bin/../lib/gcc/arm-none-eabi/7.3.1/../../../../arm-none-eabi/lib/thumb/v7e-m/fpv4-sp/hard\libc_nano.a(lib_a-lseekr.o)
                0x000000000800c668                _lseek_r
 .text.__ascii_mbtowc
                0x000000000800c68c       0x24 c:/st/stm32cubeide_1.5.0/stm32cubeide/plugins/com.st.stm32cube.ide.mcu.externaltools.gnu-tools-for-stm32.7-2018-q2-update.win32_1.5.0.202011040924/tools/bin/../lib/gcc/arm-none-eabi/7.3.1/../../../../arm-none-eabi/lib/thumb/v7e-m/fpv4-sp/hard\libc_nano.a(lib_a-mbtowc_r.o)
                0x000000000800c68c                __ascii_mbtowc
 .text._read_r  0x000000000800c6b0       0x24 c:/st/stm32cubeide_1.5.0/stm32cubeide/plugins/com.st.stm32cube.ide.mcu.externaltools.gnu-tools-for-stm32.7-2018-q2-update.win32_1.5.0.202011040924/tools/bin/../lib/gcc/arm-none-eabi/7.3.1/../../../../arm-none-eabi/lib/thumb/v7e-m/fpv4-sp/hard\libc_nano.a(lib_a-readr.o)
                0x000000000800c6b0                _read_r
 .text.__ascii_wctomb
                0x000000000800c6d4       0x1a c:/st/stm32cubeide_1.5.0/stm32cubeide/plugins/com.st.stm32cube.ide.mcu.externaltools.gnu-tools-for-stm32.7-2018-q2-update.win32_1.5.0.202011040924/tools/bin/../lib/gcc/arm-none-eabi/7.3.1/../../../../arm-none-eabi/lib/thumb/v7e-m/fpv4-sp/hard\libc_nano.a(lib_a-wctomb_r.o)
                0x000000000800c6d4                __ascii_wctomb
 *fill*         0x000000000800c6ee        0x2 
 .text.expf     0x000000000800c6f0       0xf4 c:/st/stm32cubeide_1.5.0/stm32cubeide/plugins/com.st.stm32cube.ide.mcu.externaltools.gnu-tools-for-stm32.7-2018-q2-update.win32_1.5.0.202011040924/tools/bin/../lib/gcc/arm-none-eabi/7.3.1/../../../../arm-none-eabi/lib/thumb/v7e-m/fpv4-sp/hard\libm.a(lib_a-wf_exp.o)
                0x000000000800c6f0                expf
 .text.__ieee754_expf
                0x000000000800c7e4      0x1a8 c:/st/stm32cubeide_1.5.0/stm32cubeide/plugins/com.st.stm32cube.ide.mcu.externaltools.gnu-tools-for-stm32.7-2018-q2-update.win32_1.5.0.202011040924/tools/bin/../lib/gcc/arm-none-eabi/7.3.1/../../../../arm-none-eabi/lib/thumb/v7e-m/fpv4-sp/hard\libm.a(lib_a-ef_exp.o)
                0x000000000800c7e4                __ieee754_expf
 .text.matherr  0x000000000800c98c        0x4 c:/st/stm32cubeide_1.5.0/stm32cubeide/plugins/com.st.stm32cube.ide.mcu.externaltools.gnu-tools-for-stm32.7-2018-q2-update.win32_1.5.0.202011040924/tools/bin/../lib/gcc/arm-none-eabi/7.3.1/../../../../arm-none-eabi/lib/thumb/v7e-m/fpv4-sp/hard\libm.a(lib_a-s_matherr.o)
                0x000000000800c98c                matherr
 .text.finitef  0x000000000800c990       0x14 c:/st/stm32cubeide_1.5.0/stm32cubeide/plugins/com.st.stm32cube.ide.mcu.externaltools.gnu-tools-for-stm32.7-2018-q2-update.win32_1.5.0.202011040924/tools/bin/../lib/gcc/arm-none-eabi/7.3.1/../../../../arm-none-eabi/lib/thumb/v7e-m/fpv4-sp/hard\libm.a(lib_a-sf_finite.o)
                0x000000000800c990                finitef
 *(.glue_7)
 .glue_7        0x000000000800c9a4        0x0 linker stubs
 *(.glue_7t)
 .glue_7t       0x000000000800c9a4        0x0 linker stubs
 *(.eh_frame)
 .eh_frame      0x000000000800c9a4        0x0 c:/st/stm32cubeide_1.5.0/stm32cubeide/plugins/com.st.stm32cube.ide.mcu.externaltools.gnu-tools-for-stm32.7-2018-q2-update.win32_1.5.0.202011040924/tools/bin/../lib/gcc/arm-none-eabi/7.3.1/thumb/v7e-m/fpv4-sp/hard/crtbegin.o
 *(.init)
 .init          0x000000000800c9a4        0x4 c:/st/stm32cubeide_1.5.0/stm32cubeide/plugins/com.st.stm32cube.ide.mcu.externaltools.gnu-tools-for-stm32.7-2018-q2-update.win32_1.5.0.202011040924/tools/bin/../lib/gcc/arm-none-eabi/7.3.1/thumb/v7e-m/fpv4-sp/hard/crti.o
                0x000000000800c9a4                _init
 .init          0x000000000800c9a8        0x8 c:/st/stm32cubeide_1.5.0/stm32cubeide/plugins/com.st.stm32cube.ide.mcu.externaltools.gnu-tools-for-stm32.7-2018-q2-update.win32_1.5.0.202011040924/tools/bin/../lib/gcc/arm-none-eabi/7.3.1/thumb/v7e-m/fpv4-sp/hard/crtn.o
 *(.fini)
 .fini          0x000000000800c9b0        0x4 c:/st/stm32cubeide_1.5.0/stm32cubeide/plugins/com.st.stm32cube.ide.mcu.externaltools.gnu-tools-for-stm32.7-2018-q2-update.win32_1.5.0.202011040924/tools/bin/../lib/gcc/arm-none-eabi/7.3.1/thumb/v7e-m/fpv4-sp/hard/crti.o
                0x000000000800c9b0                _fini
 .fini          0x000000000800c9b4        0x8 c:/st/stm32cubeide_1.5.0/stm32cubeide/plugins/com.st.stm32cube.ide.mcu.externaltools.gnu-tools-for-stm32.7-2018-q2-update.win32_1.5.0.202011040924/tools/bin/../lib/gcc/arm-none-eabi/7.3.1/thumb/v7e-m/fpv4-sp/hard/crtn.o
                0x000000000800c9bc                . = ALIGN (0x4)
                0x000000000800c9bc                _etext = .

.vfp11_veneer   0x000000000800c9bc        0x0
 .vfp11_veneer  0x000000000800c9bc        0x0 linker stubs

.v4_bx          0x000000000800c9bc        0x0
 .v4_bx         0x000000000800c9bc        0x0 linker stubs

.iplt           0x000000000800c9bc        0x0
 .iplt          0x000000000800c9bc        0x0 c:/st/stm32cubeide_1.5.0/stm32cubeide/plugins/com.st.stm32cube.ide.mcu.externaltools.gnu-tools-for-stm32.7-2018-q2-update.win32_1.5.0.202011040924/tools/bin/../lib/gcc/arm-none-eabi/7.3.1/thumb/v7e-m/fpv4-sp/hard/crtbegin.o

.rodata         0x000000000800c9c0     0x1958
                0x000000000800c9c0                . = ALIGN (0x4)
 *(.rodata)
 .rodata        0x000000000800c9c0       0xf0 Core/Src/main.o
 .rodata        0x000000000800cab0        0x4 ../Middlewares/ST/AI/Lib\NetworkRuntime520_CM4_GCC.a(layers.o)
 *(.rodata*)
 .rodata.AHBPrescTable
                0x000000000800cab4       0x10 Core/Src/system_stm32l4xx.o
                0x000000000800cab4                AHBPrescTable
 .rodata.APBPrescTable
                0x000000000800cac4        0x8 Core/Src/system_stm32l4xx.o
                0x000000000800cac4                APBPrescTable
 .rodata.MSIRangeTable
                0x000000000800cacc       0x30 Core/Src/system_stm32l4xx.o
                0x000000000800cacc                MSIRangeTable
 .rodata.conv2d_chain
                0x000000000800cafc        0x8 X-CUBE-AI/App/network.o
 .rodata.dense_chain
                0x000000000800cb04        0x8 X-CUBE-AI/App/network.o
 .rodata.dense_1_chain
                0x000000000800cb0c        0x8 X-CUBE-AI/App/network.o
 .rodata.dense_1_nl_chain
                0x000000000800cb14        0x8 X-CUBE-AI/App/network.o
 .rodata.s_network_weights.5657
                0x000000000800cb1c     0x1518 X-CUBE-AI/App/network_data.o
 .rodata._global_impure_ptr
                0x000000000800e034        0x4 c:/st/stm32cubeide_1.5.0/stm32cubeide/plugins/com.st.stm32cube.ide.mcu.externaltools.gnu-tools-for-stm32.7-2018-q2-update.win32_1.5.0.202011040924/tools/bin/../lib/gcc/arm-none-eabi/7.3.1/../../../../arm-none-eabi/lib/thumb/v7e-m/fpv4-sp/hard\libc_nano.a(lib_a-impure.o)
                0x000000000800e034                _global_impure_ptr
 .rodata._printf_float.str1.1
                0x000000000800e038       0x12 c:/st/stm32cubeide_1.5.0/stm32cubeide/plugins/com.st.stm32cube.ide.mcu.externaltools.gnu-tools-for-stm32.7-2018-q2-update.win32_1.5.0.202011040924/tools/bin/../lib/gcc/arm-none-eabi/7.3.1/../../../../arm-none-eabi/lib/thumb/v7e-m/fpv4-sp/hard\libc_nano.a(lib_a-nano-vfprintf_float.o)
 .rodata._printf_i.str1.1
                0x000000000800e04a       0x22 c:/st/stm32cubeide_1.5.0/stm32cubeide/plugins/com.st.stm32cube.ide.mcu.externaltools.gnu-tools-for-stm32.7-2018-q2-update.win32_1.5.0.202011040924/tools/bin/../lib/gcc/arm-none-eabi/7.3.1/../../../../arm-none-eabi/lib/thumb/v7e-m/fpv4-sp/hard\libc_nano.a(lib_a-nano-vfprintf_i.o)
 .rodata._dtoa_r.str1.1
                0x000000000800e06c        0xd c:/st/stm32cubeide_1.5.0/stm32cubeide/plugins/com.st.stm32cube.ide.mcu.externaltools.gnu-tools-for-stm32.7-2018-q2-update.win32_1.5.0.202011040924/tools/bin/../lib/gcc/arm-none-eabi/7.3.1/../../../../arm-none-eabi/lib/thumb/v7e-m/fpv4-sp/hard\libc_nano.a(lib_a-dtoa.o)
                                          0xf (size before relaxing)
 *fill*         0x000000000800e079        0x3 
 .rodata.__sf_fake_stderr
                0x000000000800e07c       0x20 c:/st/stm32cubeide_1.5.0/stm32cubeide/plugins/com.st.stm32cube.ide.mcu.externaltools.gnu-tools-for-stm32.7-2018-q2-update.win32_1.5.0.202011040924/tools/bin/../lib/gcc/arm-none-eabi/7.3.1/../../../../arm-none-eabi/lib/thumb/v7e-m/fpv4-sp/hard\libc_nano.a(lib_a-findfp.o)
                0x000000000800e07c                __sf_fake_stderr
 .rodata.__sf_fake_stdin
                0x000000000800e09c       0x20 c:/st/stm32cubeide_1.5.0/stm32cubeide/plugins/com.st.stm32cube.ide.mcu.externaltools.gnu-tools-for-stm32.7-2018-q2-update.win32_1.5.0.202011040924/tools/bin/../lib/gcc/arm-none-eabi/7.3.1/../../../../arm-none-eabi/lib/thumb/v7e-m/fpv4-sp/hard\libc_nano.a(lib_a-findfp.o)
                0x000000000800e09c                __sf_fake_stdin
 .rodata.__sf_fake_stdout
                0x000000000800e0bc       0x20 c:/st/stm32cubeide_1.5.0/stm32cubeide/plugins/com.st.stm32cube.ide.mcu.externaltools.gnu-tools-for-stm32.7-2018-q2-update.win32_1.5.0.202011040924/tools/bin/../lib/gcc/arm-none-eabi/7.3.1/../../../../arm-none-eabi/lib/thumb/v7e-m/fpv4-sp/hard\libc_nano.a(lib_a-findfp.o)
                0x000000000800e0bc                __sf_fake_stdout
 *fill*         0x000000000800e0dc        0x4 
 .rodata.__mprec_bigtens
                0x000000000800e0e0       0x28 c:/st/stm32cubeide_1.5.0/stm32cubeide/plugins/com.st.stm32cube.ide.mcu.externaltools.gnu-tools-for-stm32.7-2018-q2-update.win32_1.5.0.202011040924/tools/bin/../lib/gcc/arm-none-eabi/7.3.1/../../../../arm-none-eabi/lib/thumb/v7e-m/fpv4-sp/hard\libc_nano.a(lib_a-mprec.o)
                0x000000000800e0e0                __mprec_bigtens
 .rodata.__mprec_tens
                0x000000000800e108       0xc8 c:/st/stm32cubeide_1.5.0/stm32cubeide/plugins/com.st.stm32cube.ide.mcu.externaltools.gnu-tools-for-stm32.7-2018-q2-update.win32_1.5.0.202011040924/tools/bin/../lib/gcc/arm-none-eabi/7.3.1/../../../../arm-none-eabi/lib/thumb/v7e-m/fpv4-sp/hard\libc_nano.a(lib_a-mprec.o)
                0x000000000800e108                __mprec_tens
 .rodata.p05.7359
                0x000000000800e1d0        0xc c:/st/stm32cubeide_1.5.0/stm32cubeide/plugins/com.st.stm32cube.ide.mcu.externaltools.gnu-tools-for-stm32.7-2018-q2-update.win32_1.5.0.202011040924/tools/bin/../lib/gcc/arm-none-eabi/7.3.1/../../../../arm-none-eabi/lib/thumb/v7e-m/fpv4-sp/hard\libc_nano.a(lib_a-mprec.o)
 .rodata._vfprintf_r.str1.1
                0x000000000800e1dc       0x11 c:/st/stm32cubeide_1.5.0/stm32cubeide/plugins/com.st.stm32cube.ide.mcu.externaltools.gnu-tools-for-stm32.7-2018-q2-update.win32_1.5.0.202011040924/tools/bin/../lib/gcc/arm-none-eabi/7.3.1/../../../../arm-none-eabi/lib/thumb/v7e-m/fpv4-sp/hard\libc_nano.a(lib_a-nano-vfprintf.o)
 .rodata._setlocale_r.str1.1
                0x000000000800e1ed        0x8 c:/st/stm32cubeide_1.5.0/stm32cubeide/plugins/com.st.stm32cube.ide.mcu.externaltools.gnu-tools-for-stm32.7-2018-q2-update.win32_1.5.0.202011040924/tools/bin/../lib/gcc/arm-none-eabi/7.3.1/../../../../arm-none-eabi/lib/thumb/v7e-m/fpv4-sp/hard\libc_nano.a(lib_a-locale.o)
                                          0x9 (size before relaxing)
 .rodata.str1.1
                0x000000000800e1f5        0x2 c:/st/stm32cubeide_1.5.0/stm32cubeide/plugins/com.st.stm32cube.ide.mcu.externaltools.gnu-tools-for-stm32.7-2018-q2-update.win32_1.5.0.202011040924/tools/bin/../lib/gcc/arm-none-eabi/7.3.1/../../../../arm-none-eabi/lib/thumb/v7e-m/fpv4-sp/hard\libc_nano.a(lib_a-locale.o)
 .rodata._ctype_
                0x000000000800e1f7      0x101 c:/st/stm32cubeide_1.5.0/stm32cubeide/plugins/com.st.stm32cube.ide.mcu.externaltools.gnu-tools-for-stm32.7-2018-q2-update.win32_1.5.0.202011040924/tools/bin/../lib/gcc/arm-none-eabi/7.3.1/../../../../arm-none-eabi/lib/thumb/v7e-m/fpv4-sp/hard\libc_nano.a(lib_a-ctype_.o)
                0x000000000800e1f7                _ctype_
 .rodata.expf.str1.1
                0x000000000800e2f8        0x5 c:/st/stm32cubeide_1.5.0/stm32cubeide/plugins/com.st.stm32cube.ide.mcu.externaltools.gnu-tools-for-stm32.7-2018-q2-update.win32_1.5.0.202011040924/tools/bin/../lib/gcc/arm-none-eabi/7.3.1/../../../../arm-none-eabi/lib/thumb/v7e-m/fpv4-sp/hard\libm.a(lib_a-wf_exp.o)
 *fill*         0x000000000800e2fd        0x3 
 .rodata.halF   0x000000000800e300        0x8 c:/st/stm32cubeide_1.5.0/stm32cubeide/plugins/com.st.stm32cube.ide.mcu.externaltools.gnu-tools-for-stm32.7-2018-q2-update.win32_1.5.0.202011040924/tools/bin/../lib/gcc/arm-none-eabi/7.3.1/../../../../arm-none-eabi/lib/thumb/v7e-m/fpv4-sp/hard\libm.a(lib_a-ef_exp.o)
 .rodata.ln2HI  0x000000000800e308        0x8 c:/st/stm32cubeide_1.5.0/stm32cubeide/plugins/com.st.stm32cube.ide.mcu.externaltools.gnu-tools-for-stm32.7-2018-q2-update.win32_1.5.0.202011040924/tools/bin/../lib/gcc/arm-none-eabi/7.3.1/../../../../arm-none-eabi/lib/thumb/v7e-m/fpv4-sp/hard\libm.a(lib_a-ef_exp.o)
 .rodata.ln2LO  0x000000000800e310        0x8 c:/st/stm32cubeide_1.5.0/stm32cubeide/plugins/com.st.stm32cube.ide.mcu.externaltools.gnu-tools-for-stm32.7-2018-q2-update.win32_1.5.0.202011040924/tools/bin/../lib/gcc/arm-none-eabi/7.3.1/../../../../arm-none-eabi/lib/thumb/v7e-m/fpv4-sp/hard\libm.a(lib_a-ef_exp.o)
                0x000000000800e318                . = ALIGN (0x4)

.ARM.extab      0x000000000800e318        0x0
                0x000000000800e318                . = ALIGN (0x4)
 *(.ARM.extab* .gnu.linkonce.armextab.*)
                0x000000000800e318                . = ALIGN (0x4)

.ARM            0x000000000800e318        0x8
                0x000000000800e318                . = ALIGN (0x4)
                0x000000000800e318                __exidx_start = .
 *(.ARM.exidx*)
 .ARM.exidx     0x000000000800e318        0x8 c:/st/stm32cubeide_1.5.0/stm32cubeide/plugins/com.st.stm32cube.ide.mcu.externaltools.gnu-tools-for-stm32.7-2018-q2-update.win32_1.5.0.202011040924/tools/bin/../lib/gcc/arm-none-eabi/7.3.1/thumb/v7e-m/fpv4-sp/hard\libgcc.a(_udivmoddi4.o)
                0x000000000800e320                __exidx_end = .
                0x000000000800e320                . = ALIGN (0x4)

.rel.dyn        0x000000000800e320        0x0
 .rel.iplt      0x000000000800e320        0x0 c:/st/stm32cubeide_1.5.0/stm32cubeide/plugins/com.st.stm32cube.ide.mcu.externaltools.gnu-tools-for-stm32.7-2018-q2-update.win32_1.5.0.202011040924/tools/bin/../lib/gcc/arm-none-eabi/7.3.1/thumb/v7e-m/fpv4-sp/hard/crtbegin.o

.preinit_array  0x000000000800e320        0x0
                0x000000000800e320                . = ALIGN (0x4)
                0x000000000800e320                PROVIDE (__preinit_array_start = .)
 *(.preinit_array*)
                0x000000000800e320                PROVIDE (__preinit_array_end = .)
                0x000000000800e320                . = ALIGN (0x4)

.init_array     0x000000000800e320        0x4
                0x000000000800e320                . = ALIGN (0x4)
                0x000000000800e320                PROVIDE (__init_array_start = .)
 *(SORT_BY_NAME(.init_array.*))
 *(.init_array*)
 .init_array    0x000000000800e320        0x4 c:/st/stm32cubeide_1.5.0/stm32cubeide/plugins/com.st.stm32cube.ide.mcu.externaltools.gnu-tools-for-stm32.7-2018-q2-update.win32_1.5.0.202011040924/tools/bin/../lib/gcc/arm-none-eabi/7.3.1/thumb/v7e-m/fpv4-sp/hard/crtbegin.o
                0x000000000800e324                PROVIDE (__init_array_end = .)
                0x000000000800e324                . = ALIGN (0x4)

.fini_array     0x000000000800e324        0x4
                0x000000000800e324                . = ALIGN (0x4)
                [!provide]                        PROVIDE (__fini_array_start = .)
 *(SORT_BY_NAME(.fini_array.*))
 *(.fini_array*)
 .fini_array    0x000000000800e324        0x4 c:/st/stm32cubeide_1.5.0/stm32cubeide/plugins/com.st.stm32cube.ide.mcu.externaltools.gnu-tools-for-stm32.7-2018-q2-update.win32_1.5.0.202011040924/tools/bin/../lib/gcc/arm-none-eabi/7.3.1/thumb/v7e-m/fpv4-sp/hard/crtbegin.o
                [!provide]                        PROVIDE (__fini_array_end = .)
                0x000000000800e328                . = ALIGN (0x4)
                0x000000000800e328                _sidata = LOADADDR (.data)

.data           0x0000000020000000      0x7f0 load address 0x000000000800e328
                0x0000000020000000                . = ALIGN (0x4)
                0x0000000020000000                _sdata = .
 *(.data)
 *(.data*)
 .data.activities
                0x0000000020000000        0x8 Core/Src/main.o
                0x0000000020000000                activities
 .data.SystemCoreClock
                0x0000000020000008        0x4 Core/Src/system_stm32l4xx.o
                0x0000000020000008                SystemCoreClock
 .data.uwTickPrio
                0x000000002000000c        0x4 Drivers/STM32L4xx_HAL_Driver/Src/stm32l4xx_hal.o
                0x000000002000000c                uwTickPrio
 .data.uwTickFreq
                0x0000000020000010        0x1 Drivers/STM32L4xx_HAL_Driver/Src/stm32l4xx_hal.o
                0x0000000020000010                uwTickFreq
 *fill*         0x0000000020000011        0x3 
 .data.g_network
                0x0000000020000014       0x60 X-CUBE-AI/App/network.o
 .data.conv2d_scratch0_array
                0x0000000020000074       0x10 X-CUBE-AI/App/network.o
 .data.dense_1_bias_array
                0x0000000020000084       0x10 X-CUBE-AI/App/network.o
 .data.dense_1_weights_array
                0x0000000020000094       0x10 X-CUBE-AI/App/network.o
 .data.dense_bias_array
                0x00000000200000a4       0x10 X-CUBE-AI/App/network.o
 .data.dense_weights_array
                0x00000000200000b4       0x10 X-CUBE-AI/App/network.o
 .data.conv2d_bias_array
                0x00000000200000c4       0x10 X-CUBE-AI/App/network.o
 .data.conv2d_weights_array
                0x00000000200000d4       0x10 X-CUBE-AI/App/network.o
 .data.input_0_output_array
                0x00000000200000e4       0x10 X-CUBE-AI/App/network.o
 .data.conv2d_output_array
                0x00000000200000f4       0x10 X-CUBE-AI/App/network.o
 .data.dense_output_array
                0x0000000020000104       0x10 X-CUBE-AI/App/network.o
 .data.dense_1_output_array
                0x0000000020000114       0x10 X-CUBE-AI/App/network.o
 .data.dense_1_nl_output_array
                0x0000000020000124       0x10 X-CUBE-AI/App/network.o
 .data.conv2d_scratch0
                0x0000000020000134       0x1c X-CUBE-AI/App/network.o
 .data.dense_1_bias
                0x0000000020000150       0x1c X-CUBE-AI/App/network.o
 .data.dense_1_weights
                0x000000002000016c       0x1c X-CUBE-AI/App/network.o
 .data.dense_bias
                0x0000000020000188       0x1c X-CUBE-AI/App/network.o
 .data.dense_weights
                0x00000000200001a4       0x1c X-CUBE-AI/App/network.o
 .data.conv2d_bias
                0x00000000200001c0       0x1c X-CUBE-AI/App/network.o
 .data.conv2d_weights
                0x00000000200001dc       0x1c X-CUBE-AI/App/network.o
 .data.input_0_output
                0x00000000200001f8       0x1c X-CUBE-AI/App/network.o
 .data.conv2d_output
                0x0000000020000214       0x1c X-CUBE-AI/App/network.o